2026-06-01 16:28:02,025 [+] pydumpck is a multi-threads tool for decompile exe,elf,pyz,pyc packed by python which is base on pycdc and uncompyle6.sometimes its py-file result not exactly right ,maybe could use uncompyle6.
--------------------
pydumpck initilizing with 1.20.1 :pyinstaller_dump.py:120-20  /Library/Frameworks/Python.framework/Versions/3.12/lib/python3.12/site-packages/pydumpck/pyinstaller_dump.py on(pyinstaller_dump.run) at 62232@MainThread  
2026-06-01 16:28:02,025 [*] plugins loaded with ['pycdc'] :__init__.py:165-10  /Library/Frameworks/Python.framework/Versions/3.12/lib/python3.12/site-packages/pydumpck/py_common_dump/__init__.py on(__init__.load_plugins) at 62232@MainThread  
2026-06-01 16:28:02,025 [*] target file input:/Users/preston/Desktop/OrganismEvolution/quantum/__pycache__
to:/Users/preston/Desktop/OrganismEvolution/quantum_recovered :__init__.py:206-10  /Library/Frameworks/Python.framework/Versions/3.12/lib/python3.12/site-packages/pydumpck/py_common_dump/__init__.py on(__init__.main) at 62232@MainThread  
2026-06-01 16:28:02,025 [*] start dump target file. type:nofile :__init__.py:213-10  /Library/Frameworks/Python.framework/Versions/3.12/lib/python3.12/site-packages/pydumpck/py_common_dump/__init__.py on(__init__.main) at 62232@MainThread  
2026-06-01 16:28:02,025 [-] is an invalid file name! /Users/preston/Desktop/OrganismEvolution/quantum/__pycache__ :__init__.py:108-40  /Library/Frameworks/Python.framework/Versions/3.12/lib/python3.12/site-packages/pydumpck/py_common_dump/__init__.py on(__init__.handle_nofile) at 62232@MainThread  
2026-06-01 16:28:02,025 [+] completed,cost 1ms with result:-1 :__init__.py:177-20  /Library/Frameworks/Python.framework/Versions/3.12/lib/python3.12/site-packages/pydumpck/py_common_dump/__init__.py on(__init__.statistics_status) at 62232@MainThread  
2026-06-01 16:28:05,692 [+] pydumpck is a multi-threads tool for decompile exe,elf,pyz,pyc packed by python which is base on pycdc and uncompyle6.sometimes its py-file result not exactly right ,maybe could use uncompyle6.
--------------------
pydumpck initilizing with 1.20.1 :pyinstaller_dump.py:120-20  /Library/Frameworks/Python.framework/Versions/3.12/lib/python3.12/site-packages/pydumpck/pyinstaller_dump.py on(pyinstaller_dump.run) at 62304@MainThread  
2026-06-01 16:28:05,692 [*] plugins loaded with ['pycdc'] :__init__.py:165-10  /Library/Frameworks/Python.framework/Versions/3.12/lib/python3.12/site-packages/pydumpck/py_common_dump/__init__.py on(__init__.load_plugins) at 62304@MainThread  
2026-06-01 16:28:05,692 [*] target file input:/Users/preston/Desktop/OrganismEvolution/quantum/__pycache__/__init__.cpython-312.pyc
to:/Users/preston/Desktop/OrganismEvolution/quantum_recovered :__init__.py:206-10  /Library/Frameworks/Python.framework/Versions/3.12/lib/python3.12/site-packages/pydumpck/py_common_dump/__init__.py on(__init__.main) at 62304@MainThread  
2026-06-01 16:28:05,692 [*] start dump target file. type:pyc :__init__.py:213-10  /Library/Frameworks/Python.framework/Versions/3.12/lib/python3.12/site-packages/pydumpck/py_common_dump/__init__.py on(__init__.main) at 62304@MainThread  
2026-06-01 16:28:08,702 [!] Exception on decompile bytecode file:/Users/preston/Desktop/OrganismEvolution/quantum_recovered/__init__.cpython-312.pyc,with error:[!] invalid pyc-struct data :__init__.py:45-30  /Library/Frameworks/Python.framework/Versions/3.12/lib/python3.12/site-packages/pydumpck/py_package/package_struct/__init__.py on(__init__.decompile_pyc) at 62304@MainThread  
2026-06-01 16:28:08,703 [+] completed,cost 3012ms with result:pyc file handled:/Users/preston/Desktop/OrganismEvolution/quantum_recovered/__init__.cpython-312.pyc :__init__.py:177-20  /Library/Frameworks/Python.framework/Versions/3.12/lib/python3.12/site-packages/pydumpck/py_common_dump/__init__.py on(__init__.statistics_status) at 62304@MainThread  
2026-06-01 16:28:08,821 [+] pydumpck is a multi-threads tool for decompile exe,elf,pyz,pyc packed by python which is base on pycdc and uncompyle6.sometimes its py-file result not exactly right ,maybe could use uncompyle6.
--------------------
pydumpck initilizing with 1.20.1 :pyinstaller_dump.py:120-20  /Library/Frameworks/Python.framework/Versions/3.12/lib/python3.12/site-packages/pydumpck/pyinstaller_dump.py on(pyinstaller_dump.run) at 62357@MainThread  
2026-06-01 16:28:08,821 [*] plugins loaded with ['pycdc'] :__init__.py:165-10  /Library/Frameworks/Python.framework/Versions/3.12/lib/python3.12/site-packages/pydumpck/py_common_dump/__init__.py on(__init__.load_plugins) at 62357@MainThread  
2026-06-01 16:28:08,821 [*] target file input:/Users/preston/Desktop/OrganismEvolution/quantum/__pycache__/__main__.cpython-312.pyc
to:/Users/preston/Desktop/OrganismEvolution/quantum_recovered :__init__.py:206-10  /Library/Frameworks/Python.framework/Versions/3.12/lib/python3.12/site-packages/pydumpck/py_common_dump/__init__.py on(__init__.main) at 62357@MainThread  
2026-06-01 16:28:08,821 [*] start dump target file. type:pyc :__init__.py:213-10  /Library/Frameworks/Python.framework/Versions/3.12/lib/python3.12/site-packages/pydumpck/py_common_dump/__init__.py on(__init__.main) at 62357@MainThread  
2026-06-01 16:28:11,826 [!] Exception on decompile bytecode file:/Users/preston/Desktop/OrganismEvolution/quantum_recovered/__main__.cpython-312.pyc,with error:[!] invalid pyc-struct data :__init__.py:45-30  /Library/Frameworks/Python.framework/Versions/3.12/lib/python3.12/site-packages/pydumpck/py_package/package_struct/__init__.py on(__init__.decompile_pyc) at 62357@MainThread  
2026-06-01 16:28:11,826 [+] completed,cost 3006ms with result:pyc file handled:/Users/preston/Desktop/OrganismEvolution/quantum_recovered/__main__.cpython-312.pyc :__init__.py:177-20  /Library/Frameworks/Python.framework/Versions/3.12/lib/python3.12/site-packages/pydumpck/py_common_dump/__init__.py on(__init__.statistics_status) at 62357@MainThread  
2026-06-01 16:28:11,933 [+] pydumpck is a multi-threads tool for decompile exe,elf,pyz,pyc packed by python which is base on pycdc and uncompyle6.sometimes its py-file result not exactly right ,maybe could use uncompyle6.
--------------------
pydumpck initilizing with 1.20.1 :pyinstaller_dump.py:120-20  /Library/Frameworks/Python.framework/Versions/3.12/lib/python3.12/site-packages/pydumpck/pyinstaller_dump.py on(pyinstaller_dump.run) at 62403@MainThread  
2026-06-01 16:28:11,933 [*] plugins loaded with ['pycdc'] :__init__.py:165-10  /Library/Frameworks/Python.framework/Versions/3.12/lib/python3.12/site-packages/pydumpck/py_common_dump/__init__.py on(__init__.load_plugins) at 62403@MainThread  
2026-06-01 16:28:11,933 [*] target file input:/Users/preston/Desktop/OrganismEvolution/quantum/__pycache__/basin.cpython-312.pyc
to:/Users/preston/Desktop/OrganismEvolution/quantum_recovered :__init__.py:206-10  /Library/Frameworks/Python.framework/Versions/3.12/lib/python3.12/site-packages/pydumpck/py_common_dump/__init__.py on(__init__.main) at 62403@MainThread  
2026-06-01 16:28:11,934 [*] start dump target file. type:pyc :__init__.py:213-10  /Library/Frameworks/Python.framework/Versions/3.12/lib/python3.12/site-packages/pydumpck/py_common_dump/__init__.py on(__init__.main) at 62403@MainThread  
2026-06-01 16:28:14,942 [!] Exception on decompile bytecode file:/Users/preston/Desktop/OrganismEvolution/quantum_recovered/basin.cpython-312.pyc,with error:[!] invalid pyc-struct data :__init__.py:45-30  /Library/Frameworks/Python.framework/Versions/3.12/lib/python3.12/site-packages/pydumpck/py_package/package_struct/__init__.py on(__init__.decompile_pyc) at 62403@MainThread  
2026-06-01 16:28:14,942 [+] completed,cost 3009ms with result:pyc file handled:/Users/preston/Desktop/OrganismEvolution/quantum_recovered/basin.cpython-312.pyc :__init__.py:177-20  /Library/Frameworks/Python.framework/Versions/3.12/lib/python3.12/site-packages/pydumpck/py_common_dump/__init__.py on(__init__.statistics_status) at 62403@MainThread  
2026-06-01 16:28:15,056 [+] pydumpck is a multi-threads tool for decompile exe,elf,pyz,pyc packed by python which is base on pycdc and uncompyle6.sometimes its py-file result not exactly right ,maybe could use uncompyle6.
--------------------
pydumpck initilizing with 1.20.1 :pyinstaller_dump.py:120-20  /Library/Frameworks/Python.framework/Versions/3.12/lib/python3.12/site-packages/pydumpck/pyinstaller_dump.py on(pyinstaller_dump.run) at 62457@MainThread  
2026-06-01 16:28:15,057 [*] plugins loaded with ['pycdc'] :__init__.py:165-10  /Library/Frameworks/Python.framework/Versions/3.12/lib/python3.12/site-packages/pydumpck/py_common_dump/__init__.py on(__init__.load_plugins) at 62457@MainThread  
2026-06-01 16:28:15,057 [*] target file input:/Users/preston/Desktop/OrganismEvolution/quantum/__pycache__/checkpoint.cpython-312.pyc
to:/Users/preston/Desktop/OrganismEvolution/quantum_recovered :__init__.py:206-10  /Library/Frameworks/Python.framework/Versions/3.12/lib/python3.12/site-packages/pydumpck/py_common_dump/__init__.py on(__init__.main) at 62457@MainThread  
2026-06-01 16:28:15,057 [*] start dump target file. type:pyc :__init__.py:213-10  /Library/Frameworks/Python.framework/Versions/3.12/lib/python3.12/site-packages/pydumpck/py_common_dump/__init__.py on(__init__.main) at 62457@MainThread  
2026-06-01 16:28:18,080 [!] Exception on decompile bytecode file:/Users/preston/Desktop/OrganismEvolution/quantum_recovered/checkpoint.cpython-312.pyc,with error:[!] invalid pyc-struct data :__init__.py:45-30  /Library/Frameworks/Python.framework/Versions/3.12/lib/python3.12/site-packages/pydumpck/py_package/package_struct/__init__.py on(__init__.decompile_pyc) at 62457@MainThread  
2026-06-01 16:28:18,081 [+] completed,cost 3025ms with result:pyc file handled:/Users/preston/Desktop/OrganismEvolution/quantum_recovered/checkpoint.cpython-312.pyc :__init__.py:177-20  /Library/Frameworks/Python.framework/Versions/3.12/lib/python3.12/site-packages/pydumpck/py_common_dump/__init__.py on(__init__.statistics_status) at 62457@MainThread  
2026-06-01 16:28:18,197 [+] pydumpck is a multi-threads tool for decompile exe,elf,pyz,pyc packed by python which is base on pycdc and uncompyle6.sometimes its py-file result not exactly right ,maybe could use uncompyle6.
--------------------
pydumpck initilizing with 1.20.1 :pyinstaller_dump.py:120-20  /Library/Frameworks/Python.framework/Versions/3.12/lib/python3.12/site-packages/pydumpck/pyinstaller_dump.py on(pyinstaller_dump.run) at 62498@MainThread  
2026-06-01 16:28:18,197 [*] plugins loaded with ['pycdc'] :__init__.py:165-10  /Library/Frameworks/Python.framework/Versions/3.12/lib/python3.12/site-packages/pydumpck/py_common_dump/__init__.py on(__init__.load_plugins) at 62498@MainThread  
2026-06-01 16:28:18,197 [*] target file input:/Users/preston/Desktop/OrganismEvolution/quantum/__pycache__/config.cpython-312.pyc
to:/Users/preston/Desktop/OrganismEvolution/quantum_recovered :__init__.py:206-10  /Library/Frameworks/Python.framework/Versions/3.12/lib/python3.12/site-packages/pydumpck/py_common_dump/__init__.py on(__init__.main) at 62498@MainThread  
2026-06-01 16:28:18,198 [*] start dump target file. type:pyc :__init__.py:213-10  /Library/Frameworks/Python.framework/Versions/3.12/lib/python3.12/site-packages/pydumpck/py_common_dump/__init__.py on(__init__.main) at 62498@MainThread  
2026-06-01 16:28:21,207 [!] Exception on decompile bytecode file:/Users/preston/Desktop/OrganismEvolution/quantum_recovered/config.cpython-312.pyc,with error:[!] invalid pyc-struct data :__init__.py:45-30  /Library/Frameworks/Python.framework/Versions/3.12/lib/python3.12/site-packages/pydumpck/py_package/package_struct/__init__.py on(__init__.decompile_pyc) at 62498@MainThread  
2026-06-01 16:28:21,208 [+] completed,cost 3011ms with result:pyc file handled:/Users/preston/Desktop/OrganismEvolution/quantum_recovered/config.cpython-312.pyc :__init__.py:177-20  /Library/Frameworks/Python.framework/Versions/3.12/lib/python3.12/site-packages/pydumpck/py_common_dump/__init__.py on(__init__.statistics_status) at 62498@MainThread  
2026-06-01 16:28:21,335 [+] pydumpck is a multi-threads tool for decompile exe,elf,pyz,pyc packed by python which is base on pycdc and uncompyle6.sometimes its py-file result not exactly right ,maybe could use uncompyle6.
--------------------
pydumpck initilizing with 1.20.1 :pyinstaller_dump.py:120-20  /Library/Frameworks/Python.framework/Versions/3.12/lib/python3.12/site-packages/pydumpck/pyinstaller_dump.py on(pyinstaller_dump.run) at 62553@MainThread  
2026-06-01 16:28:21,335 [*] plugins loaded with ['pycdc'] :__init__.py:165-10  /Library/Frameworks/Python.framework/Versions/3.12/lib/python3.12/site-packages/pydumpck/py_common_dump/__init__.py on(__init__.load_plugins) at 62553@MainThread  
2026-06-01 16:28:21,335 [*] target file input:/Users/preston/Desktop/OrganismEvolution/quantum/__pycache__/device.cpython-312.pyc
to:/Users/preston/Desktop/OrganismEvolution/quantum_recovered :__init__.py:206-10  /Library/Frameworks/Python.framework/Versions/3.12/lib/python3.12/site-packages/pydumpck/py_common_dump/__init__.py on(__init__.main) at 62553@MainThread  
2026-06-01 16:28:21,335 [*] start dump target file. type:pyc :__init__.py:213-10  /Library/Frameworks/Python.framework/Versions/3.12/lib/python3.12/site-packages/pydumpck/py_common_dump/__init__.py on(__init__.main) at 62553@MainThread  
2026-06-01 16:28:24,340 [!] Exception on decompile bytecode file:/Users/preston/Desktop/OrganismEvolution/quantum_recovered/device.cpython-312.pyc,with error:[!] invalid pyc-struct data :__init__.py:45-30  /Library/Frameworks/Python.framework/Versions/3.12/lib/python3.12/site-packages/pydumpck/py_package/package_struct/__init__.py on(__init__.decompile_pyc) at 62553@MainThread  
2026-06-01 16:28:24,340 [+] completed,cost 3006ms with result:pyc file handled:/Users/preston/Desktop/OrganismEvolution/quantum_recovered/device.cpython-312.pyc :__init__.py:177-20  /Library/Frameworks/Python.framework/Versions/3.12/lib/python3.12/site-packages/pydumpck/py_common_dump/__init__.py on(__init__.statistics_status) at 62553@MainThread  
2026-06-01 16:28:24,458 [+] pydumpck is a multi-threads tool for decompile exe,elf,pyz,pyc packed by python which is base on pycdc and uncompyle6.sometimes its py-file result not exactly right ,maybe could use uncompyle6.
--------------------
pydumpck initilizing with 1.20.1 :pyinstaller_dump.py:120-20  /Library/Frameworks/Python.framework/Versions/3.12/lib/python3.12/site-packages/pydumpck/pyinstaller_dump.py on(pyinstaller_dump.run) at 62608@MainThread  
2026-06-01 16:28:24,458 [*] plugins loaded with ['pycdc'] :__init__.py:165-10  /Library/Frameworks/Python.framework/Versions/3.12/lib/python3.12/site-packages/pydumpck/py_common_dump/__init__.py on(__init__.load_plugins) at 62608@MainThread  
2026-06-01 16:28:24,458 [*] target file input:/Users/preston/Desktop/OrganismEvolution/quantum/__pycache__/evolution.cpython-312.pyc
to:/Users/preston/Desktop/OrganismEvolution/quantum_recovered :__init__.py:206-10  /Library/Frameworks/Python.framework/Versions/3.12/lib/python3.12/site-packages/pydumpck/py_common_dump/__init__.py on(__init__.main) at 62608@MainThread  
2026-06-01 16:28:24,458 [*] start dump target file. type:pyc :__init__.py:213-10  /Library/Frameworks/Python.framework/Versions/3.12/lib/python3.12/site-packages/pydumpck/py_common_dump/__init__.py on(__init__.main) at 62608@MainThread  
2026-06-01 16:28:27,491 [!] Exception on decompile bytecode file:/Users/preston/Desktop/OrganismEvolution/quantum_recovered/evolution.cpython-312.pyc,with error:[!] invalid pyc-struct data :__init__.py:45-30  /Library/Frameworks/Python.framework/Versions/3.12/lib/python3.12/site-packages/pydumpck/py_package/package_struct/__init__.py on(__init__.decompile_pyc) at 62608@MainThread  
2026-06-01 16:28:27,492 [+] completed,cost 3034ms with result:pyc file handled:/Users/preston/Desktop/OrganismEvolution/quantum_recovered/evolution.cpython-312.pyc :__init__.py:177-20  /Library/Frameworks/Python.framework/Versions/3.12/lib/python3.12/site-packages/pydumpck/py_common_dump/__init__.py on(__init__.statistics_status) at 62608@MainThread  
2026-06-01 16:28:27,593 [+] pydumpck is a multi-threads tool for decompile exe,elf,pyz,pyc packed by python which is base on pycdc and uncompyle6.sometimes its py-file result not exactly right ,maybe could use uncompyle6.
--------------------
pydumpck initilizing with 1.20.1 :pyinstaller_dump.py:120-20  /Library/Frameworks/Python.framework/Versions/3.12/lib/python3.12/site-packages/pydumpck/pyinstaller_dump.py on(pyinstaller_dump.run) at 62654@MainThread  
2026-06-01 16:28:27,593 [*] plugins loaded with ['pycdc'] :__init__.py:165-10  /Library/Frameworks/Python.framework/Versions/3.12/lib/python3.12/site-packages/pydumpck/py_common_dump/__init__.py on(__init__.load_plugins) at 62654@MainThread  
2026-06-01 16:28:27,593 [*] target file input:/Users/preston/Desktop/OrganismEvolution/quantum/__pycache__/grapher.cpython-312.pyc
to:/Users/preston/Desktop/OrganismEvolution/quantum_recovered :__init__.py:206-10  /Library/Frameworks/Python.framework/Versions/3.12/lib/python3.12/site-packages/pydumpck/py_common_dump/__init__.py on(__init__.main) at 62654@MainThread  
2026-06-01 16:28:27,594 [*] start dump target file. type:pyc :__init__.py:213-10  /Library/Frameworks/Python.framework/Versions/3.12/lib/python3.12/site-packages/pydumpck/py_common_dump/__init__.py on(__init__.main) at 62654@MainThread  
2026-06-01 16:28:30,625 [!] Exception on decompile bytecode file:/Users/preston/Desktop/OrganismEvolution/quantum_recovered/grapher.cpython-312.pyc,with error:[!] invalid pyc-struct data :__init__.py:45-30  /Library/Frameworks/Python.framework/Versions/3.12/lib/python3.12/site-packages/pydumpck/py_package/package_struct/__init__.py on(__init__.decompile_pyc) at 62654@MainThread  
2026-06-01 16:28:30,625 [+] completed,cost 3032ms with result:pyc file handled:/Users/preston/Desktop/OrganismEvolution/quantum_recovered/grapher.cpython-312.pyc :__init__.py:177-20  /Library/Frameworks/Python.framework/Versions/3.12/lib/python3.12/site-packages/pydumpck/py_common_dump/__init__.py on(__init__.statistics_status) at 62654@MainThread  
2026-06-01 16:28:30,726 [+] pydumpck is a multi-threads tool for decompile exe,elf,pyz,pyc packed by python which is base on pycdc and uncompyle6.sometimes its py-file result not exactly right ,maybe could use uncompyle6.
--------------------
pydumpck initilizing with 1.20.1 :pyinstaller_dump.py:120-20  /Library/Frameworks/Python.framework/Versions/3.12/lib/python3.12/site-packages/pydumpck/pyinstaller_dump.py on(pyinstaller_dump.run) at 62709@MainThread  
2026-06-01 16:28:30,726 [*] plugins loaded with ['pycdc'] :__init__.py:165-10  /Library/Frameworks/Python.framework/Versions/3.12/lib/python3.12/site-packages/pydumpck/py_common_dump/__init__.py on(__init__.load_plugins) at 62709@MainThread  
2026-06-01 16:28:30,727 [*] target file input:/Users/preston/Desktop/OrganismEvolution/quantum/__pycache__/physics.cpython-312.pyc
to:/Users/preston/Desktop/OrganismEvolution/quantum_recovered :__init__.py:206-10  /Library/Frameworks/Python.framework/Versions/3.12/lib/python3.12/site-packages/pydumpck/py_common_dump/__init__.py on(__init__.main) at 62709@MainThread  
2026-06-01 16:28:30,727 [*] start dump target file. type:pyc :__init__.py:213-10  /Library/Frameworks/Python.framework/Versions/3.12/lib/python3.12/site-packages/pydumpck/py_common_dump/__init__.py on(__init__.main) at 62709@MainThread  
2026-06-01 16:28:33,736 [!] Exception on decompile bytecode file:/Users/preston/Desktop/OrganismEvolution/quantum_recovered/physics.cpython-312.pyc,with error:[!] invalid pyc-struct data :__init__.py:45-30  /Library/Frameworks/Python.framework/Versions/3.12/lib/python3.12/site-packages/pydumpck/py_package/package_struct/__init__.py on(__init__.decompile_pyc) at 62709@MainThread  
2026-06-01 16:28:33,736 [+] completed,cost 3010ms with result:pyc file handled:/Users/preston/Desktop/OrganismEvolution/quantum_recovered/physics.cpython-312.pyc :__init__.py:177-20  /Library/Frameworks/Python.framework/Versions/3.12/lib/python3.12/site-packages/pydumpck/py_common_dump/__init__.py on(__init__.statistics_status) at 62709@MainThread  
2026-06-01 16:28:33,851 [+] pydumpck is a multi-threads tool for decompile exe,elf,pyz,pyc packed by python which is base on pycdc and uncompyle6.sometimes its py-file result not exactly right ,maybe could use uncompyle6.
--------------------
pydumpck initilizing with 1.20.1 :pyinstaller_dump.py:120-20  /Library/Frameworks/Python.framework/Versions/3.12/lib/python3.12/site-packages/pydumpck/pyinstaller_dump.py on(pyinstaller_dump.run) at 62764@MainThread  
2026-06-01 16:28:33,852 [*] plugins loaded with ['pycdc'] :__init__.py:165-10  /Library/Frameworks/Python.framework/Versions/3.12/lib/python3.12/site-packages/pydumpck/py_common_dump/__init__.py on(__init__.load_plugins) at 62764@MainThread  
2026-06-01 16:28:33,852 [*] target file input:/Users/preston/Desktop/OrganismEvolution/quantum/__pycache__/plot_state.cpython-312.pyc
to:/Users/preston/Desktop/OrganismEvolution/quantum_recovered :__init__.py:206-10  /Library/Frameworks/Python.framework/Versions/3.12/lib/python3.12/site-packages/pydumpck/py_common_dump/__init__.py on(__init__.main) at 62764@MainThread  
2026-06-01 16:28:33,853 [*] start dump target file. type:pyc :__init__.py:213-10  /Library/Frameworks/Python.framework/Versions/3.12/lib/python3.12/site-packages/pydumpck/py_common_dump/__init__.py on(__init__.main) at 62764@MainThread  
2026-06-01 16:28:36,907 [!] Exception on decompile bytecode file:/Users/preston/Desktop/OrganismEvolution/quantum_recovered/plot_state.cpython-312.pyc,with error:[!] invalid pyc-struct data :__init__.py:45-30  /Library/Frameworks/Python.framework/Versions/3.12/lib/python3.12/site-packages/pydumpck/py_package/package_struct/__init__.py on(__init__.decompile_pyc) at 62764@MainThread  
2026-06-01 16:28:36,907 [+] completed,cost 3056ms with result:pyc file handled:/Users/preston/Desktop/OrganismEvolution/quantum_recovered/plot_state.cpython-312.pyc :__init__.py:177-20  /Library/Frameworks/Python.framework/Versions/3.12/lib/python3.12/site-packages/pydumpck/py_common_dump/__init__.py on(__init__.statistics_status) at 62764@MainThread  
2026-06-01 16:28:37,001 [+] pydumpck is a multi-threads tool for decompile exe,elf,pyz,pyc packed by python which is base on pycdc and uncompyle6.sometimes its py-file result not exactly right ,maybe could use uncompyle6.
--------------------
pydumpck initilizing with 1.20.1 :pyinstaller_dump.py:120-20  /Library/Frameworks/Python.framework/Versions/3.12/lib/python3.12/site-packages/pydumpck/pyinstaller_dump.py on(pyinstaller_dump.run) at 62812@MainThread  
2026-06-01 16:28:37,001 [*] plugins loaded with ['pycdc'] :__init__.py:165-10  /Library/Frameworks/Python.framework/Versions/3.12/lib/python3.12/site-packages/pydumpck/py_common_dump/__init__.py on(__init__.load_plugins) at 62812@MainThread  
2026-06-01 16:28:37,001 [*] target file input:/Users/preston/Desktop/OrganismEvolution/quantum/__pycache__/sim.cpython-312.pyc
to:/Users/preston/Desktop/OrganismEvolution/quantum_recovered :__init__.py:206-10  /Library/Frameworks/Python.framework/Versions/3.12/lib/python3.12/site-packages/pydumpck/py_common_dump/__init__.py on(__init__.main) at 62812@MainThread  
2026-06-01 16:28:37,002 [*] start dump target file. type:pyc :__init__.py:213-10  /Library/Frameworks/Python.framework/Versions/3.12/lib/python3.12/site-packages/pydumpck/py_common_dump/__init__.py on(__init__.main) at 62812@MainThread  
2026-06-01 16:28:40,040 [!] Exception on decompile bytecode file:/Users/preston/Desktop/OrganismEvolution/quantum_recovered/sim.cpython-312.pyc,with error:[!] invalid pyc-struct data :__init__.py:45-30  /Library/Frameworks/Python.framework/Versions/3.12/lib/python3.12/site-packages/pydumpck/py_package/package_struct/__init__.py on(__init__.decompile_pyc) at 62812@MainThread  
2026-06-01 16:28:40,041 [+] completed,cost 3040ms with result:pyc file handled:/Users/preston/Desktop/OrganismEvolution/quantum_recovered/sim.cpython-312.pyc :__init__.py:177-20  /Library/Frameworks/Python.framework/Versions/3.12/lib/python3.12/site-packages/pydumpck/py_common_dump/__init__.py on(__init__.statistics_status) at 62812@MainThread  
2026-06-01 16:28:40,141 [+] pydumpck is a multi-threads tool for decompile exe,elf,pyz,pyc packed by python which is base on pycdc and uncompyle6.sometimes its py-file result not exactly right ,maybe could use uncompyle6.
--------------------
pydumpck initilizing with 1.20.1 :pyinstaller_dump.py:120-20  /Library/Frameworks/Python.framework/Versions/3.12/lib/python3.12/site-packages/pydumpck/pyinstaller_dump.py on(pyinstaller_dump.run) at 62859@MainThread  
2026-06-01 16:28:40,142 [*] plugins loaded with ['pycdc'] :__init__.py:165-10  /Library/Frameworks/Python.framework/Versions/3.12/lib/python3.12/site-packages/pydumpck/py_common_dump/__init__.py on(__init__.load_plugins) at 62859@MainThread  
2026-06-01 16:28:40,142 [*] target file input:/Users/preston/Desktop/OrganismEvolution/quantum/__pycache__/viz.cpython-312.pyc
to:/Users/preston/Desktop/OrganismEvolution/quantum_recovered :__init__.py:206-10  /Library/Frameworks/Python.framework/Versions/3.12/lib/python3.12/site-packages/pydumpck/py_common_dump/__init__.py on(__init__.main) at 62859@MainThread  
2026-06-01 16:28:40,142 [*] start dump target file. type:pyc :__init__.py:213-10  /Library/Frameworks/Python.framework/Versions/3.12/lib/python3.12/site-packages/pydumpck/py_common_dump/__init__.py on(__init__.main) at 62859@MainThread  
2026-06-01 16:28:43,161 [!] Exception on decompile bytecode file:/Users/preston/Desktop/OrganismEvolution/quantum_recovered/viz.cpython-312.pyc,with error:[!] invalid pyc-struct data :__init__.py:45-30  /Library/Frameworks/Python.framework/Versions/3.12/lib/python3.12/site-packages/pydumpck/py_package/package_struct/__init__.py on(__init__.decompile_pyc) at 62859@MainThread  
2026-06-01 16:28:43,161 [+] completed,cost 3020ms with result:pyc file handled:/Users/preston/Desktop/OrganismEvolution/quantum_recovered/viz.cpython-312.pyc :__init__.py:177-20  /Library/Frameworks/Python.framework/Versions/3.12/lib/python3.12/site-packages/pydumpck/py_common_dump/__init__.py on(__init__.statistics_status) at 62859@MainThread  
