tick	cells	org_energy	pending	decay_energy	terrain_sum	terrain_center	min_cell_energy	max_cell_energy	system_energy	event
0	3	0.335382	0.000000	0.045000	459.000000	11.000000	0.109981	0.113309	459.380382	
1	8	0.836975	0.000000	-1.102046	495.000000	11.000000	0.056912	0.199154	494.734929	
2	5	0.412828	0.000000	-2.055642	495.000000	11.000000	0.052836	0.107337	493.357187	CELLS_LOST 3
3	8	0.563573	0.000000	-3.038109	495.000000	11.000000	0.050180	0.099885	492.525464	
4	15	1.413693	0.000000	-5.167282	495.000000	11.000000	0.053459	0.148366	491.246410	
5	22	3.019972	0.000000	-9.819059	495.000000	11.000000	0.051604	0.303908	488.200913	
6	26	3.784106	0.000000	-13.950947	495.000000	11.000000	0.059543	0.283202	484.833160	
7	29	4.574465	0.000000	-19.138004	495.000000	11.000000	0.054386	0.432578	480.436461	
8	28	4.251969	0.000000	-22.867155	495.000000	11.000000	0.052259	0.343506	476.384814	CELLS_LOST 1
9	35	4.886510	0.000000	-27.920376	495.000000	11.000000	0.051959	0.372620	471.966134	
10	31	5.256684	0.000000	-33.351334	495.000000	11.000000	0.054567	0.329842	466.905349	CELLS_LOST 4
11	44	6.874198	0.000000	-40.393092	495.000000	11.000000	0.053562	0.372353	461.481106	
12	42	7.330338	0.000000	-47.982160	495.000000	11.000000	0.051206	0.432082	454.348179	CELLS_LOST 2
13	54	8.783606	0.000000	-56.481548	495.000000	11.000000	0.052217	0.373573	447.302058	
14	58	9.777924	0.000000	-65.632516	495.000000	11.000000	0.050945	0.449234	439.145407	
15	65	11.056747	0.000000	-77.568009	495.000000	11.000000	0.050529	0.399992	428.488739	
16	41	4.332817	0.000000	-75.220032	1227.238037	0.484478	0.050882	0.210712	1156.350822	CELLS_LOST 24
17	20	1.417636	0.000000	-73.638410	1232.249756	0.484229	0.050879	0.097610	1160.028982	CELLS_LOST 21
18	20	1.541345	0.000000	-72.862118	1236.133057	0.483972	0.050948	0.104485	1164.812283	
19	21	1.648563	0.000000	-72.069337	1241.031738	0.483700	0.053992	0.110264	1170.610964	
20	22	1.779647	0.000000	-71.255421	1245.575562	0.483412	0.056183	0.111883	1176.099788	
21	22	1.923050	0.000000	-70.408824	1250.993408	0.483104	0.064867	0.123210	1182.507634	
22	23	2.069641	0.000000	-69.565414	1255.787354	0.482770	0.051795	0.132689	1188.291580	
23	24	2.225923	0.000000	-68.726697	1260.647705	0.482410	0.051401	0.138249	1194.146931	
24	26	2.403519	0.000000	-67.864293	1265.089111	0.482018	0.050580	0.138225	1199.628337	
25	27	2.606518	0.000000	-66.937292	1269.710083	0.481593	0.056330	0.152499	1205.379309	
26	30	2.817894	0.000000	-66.013668	1273.732788	0.481131	0.051493	0.163086	1210.537014	
27	30	3.076447	0.000000	-65.002221	1278.583496	0.480630	0.058769	0.180005	1216.657722	
28	32	3.340920	0.000000	-63.996694	1283.486572	0.480088	0.050664	0.190555	1222.830799	
29	33	3.635828	0.000000	-62.971602	1288.398315	0.479502	0.050427	0.201322	1229.062542	
30	35	3.957602	0.000000	-61.928375	1294.136963	0.478869	0.051159	0.210418	1236.166189	
31	36	4.310537	0.000000	-60.866022	1298.584717	0.478189	0.050000	0.222642	1242.029232	
32	0	0.000000	0.000000	-59.788839	1306.521973	0.477458	0.000000	0.000000	1246.733133	ALL_CELLS_DEAD
33	0	0.000000	0.000000	-59.788839	1311.920654	0.476676	0.000000	0.000000	1252.131815	
34	0	0.000000	0.000000	-59.788839	1317.230225	0.475841	0.000000	0.000000	1257.441385	
35	0	0.000000	0.000000	-59.788839	1322.300049	0.474950	0.000000	0.000000	1262.511209	
36	0	0.000000	0.000000	-59.788839	1328.176270	0.474004	0.000000	0.000000	1268.387430	
37	0	0.000000	0.000000	-59.788839	1332.904053	0.472999	0.000000	0.000000	1273.115213	
38	0	0.000000	0.000000	-59.788839	1337.373779	0.471936	0.000000	0.000000	1277.584940	
39	0	0.000000	0.000000	-59.788839	1342.350586	0.470813	0.000000	0.000000	1282.561747	
40	0	0.000000	0.000000	-59.788839	1346.494019	0.469629	0.000000	0.000000	1286.705179	
41	0	0.000000	0.000000	-59.788839	1351.915405	0.468383	0.000000	0.000000	1292.126566	
42	0	0.000000	0.000000	-59.788839	1357.406982	0.467074	0.000000	0.000000	1297.618143	
43	0	0.000000	0.000000	-59.788839	1362.223999	0.465701	0.000000	0.000000	1302.435160	
44	0	0.000000	0.000000	-59.788839	1366.651123	0.464265	0.000000	0.000000	1306.862284	
45	0	0.000000	0.000000	-59.788839	1371.572021	0.462763	0.000000	0.000000	1311.783182	
46	0	0.000000	0.000000	-59.788839	1376.408813	0.461196	0.000000	0.000000	1316.619974	
47	0	0.000000	0.000000	-59.788839	1380.714355	0.459563	0.000000	0.000000	1320.925516	
48	0	0.000000	0.000000	-59.788839	1385.816162	0.457864	0.000000	0.000000	1326.027323	
49	0	0.000000	0.000000	-59.788839	1390.055908	0.456097	0.000000	0.000000	1330.267069	
50	0	0.000000	0.000000	-59.788839	1395.082764	0.454264	0.000000	0.000000	1335.293924	
51	0	0.000000	0.000000	-59.788839	1401.339111	0.452363	0.000000	0.000000	1341.550272	
52	0	0.000000	0.000000	-59.788839	1406.715698	0.450395	0.000000	0.000000	1346.926859	
53	0	0.000000	0.000000	-59.788839	1412.561401	0.448359	0.000000	0.000000	1352.772562	
54	0	0.000000	0.000000	-59.788839	1417.368164	0.446256	0.000000	0.000000	1357.579325	
55	0	0.000000	0.000000	-59.788839	1422.482422	0.444085	0.000000	0.000000	1362.693582	
56	0	0.000000	0.000000	-59.788839	1427.292847	0.441846	0.000000	0.000000	1367.504007	
57	0	0.000000	0.000000	-59.788839	1431.370483	0.439539	0.000000	0.000000	1371.581644	
58	0	0.000000	0.000000	-59.788839	1437.236572	0.437165	0.000000	0.000000	1377.447733	
59	0	0.000000	0.000000	-59.788839	1441.730103	0.434723	0.000000	0.000000	1381.941263	
60	0	0.000000	0.000000	-59.788839	1446.355469	0.432214	0.000000	0.000000	1386.566629	
61	0	0.000000	0.000000	-59.788839	1451.111816	0.429638	0.000000	0.000000	1391.322977	
62	0	0.000000	0.000000	-59.788839	1456.453979	0.426996	0.000000	0.000000	1396.665140	
63	0	0.000000	0.000000	-59.788839	1463.125244	0.424287	0.000000	0.000000	1403.336405	
64	0	0.000000	0.000000	-59.788839	1468.555176	0.421512	0.000000	0.000000	1408.766336	
65	0	0.000000	0.000000	-59.788839	1474.095947	0.418672	0.000000	0.000000	1414.307108	
66	0	0.000000	0.000000	-59.788839	1480.191895	0.415768	0.000000	0.000000	1420.403055	
67	0	0.000000	0.000000	-59.788839	1485.626099	0.412799	0.000000	0.000000	1425.837259	
68	0	0.000000	0.000000	-59.788839	1490.547974	0.409766	0.000000	0.000000	1430.759134	
69	0	0.000000	0.000000	-59.788839	1495.410889	0.406671	0.000000	0.000000	1435.622049	
70	0	0.000000	0.000000	-59.788839	1500.642578	0.403513	0.000000	0.000000	1440.853739	
71	0	0.000000	0.000000	-59.788839	1506.546265	0.400295	0.000000	0.000000	1446.757425	
72	0	0.000000	0.000000	-59.788839	1511.469971	0.397015	0.000000	0.000000	1451.681131	
73	0	0.000000	0.000000	-59.788839	1516.454224	0.393677	0.000000	0.000000	1456.665384	
74	0	0.000000	0.000000	-59.788839	1521.213379	0.390279	0.000000	0.000000	1461.424540	
75	0	0.000000	0.000000	-59.788839	1525.732666	0.386825	0.000000	0.000000	1465.943827	
76	0	0.000000	0.000000	-59.788839	1530.013916	0.383314	0.000000	0.000000	1470.225077	
77	0	0.000000	0.000000	-59.788839	1534.185791	0.379748	0.000000	0.000000	1474.396952	
78	0	0.000000	0.000000	-59.788839	1538.990356	0.376129	0.000000	0.000000	1479.201517	
79	0	0.000000	0.000000	-59.788839	1543.239136	0.372458	0.000000	0.000000	1483.450296	
80	0	0.000000	0.000000	-59.788839	1547.369263	0.368735	0.000000	0.000000	1487.580423	
81	0	0.000000	0.000000	-59.788839	1552.130615	0.364964	0.000000	0.000000	1492.341776	
82	0	0.000000	0.000000	-59.788839	1555.860840	0.361144	0.000000	0.000000	1496.072000	
83	0	0.000000	0.000000	-59.788839	1559.470947	0.357279	0.000000	0.000000	1499.682108	
84	0	0.000000	0.000000	-59.788839	1563.693359	0.353370	0.000000	0.000000	1503.904520	
85	0	0.000000	0.000000	-59.788839	1566.874878	0.349419	0.000000	0.000000	1507.086039	
86	0	0.000000	0.000000	-59.788839	1570.671631	0.345428	0.000000	0.000000	1510.882791	
87	0	0.000000	0.000000	-59.788839	1574.188232	0.341399	0.000000	0.000000	1514.399393	
88	0	0.000000	0.000000	-59.788839	1578.146484	0.337334	0.000000	0.000000	1518.357645	
89	0	0.000000	0.000000	-59.788839	1581.036621	0.333235	0.000000	0.000000	1521.247782	
90	0	0.000000	0.000000	-59.788839	1583.620239	0.329106	0.000000	0.000000	1523.831400	
91	0	0.000000	0.000000	-59.788839	1586.953125	0.324948	0.000000	0.000000	1527.164286	
