tick	y	x	parent_dir	parent_y	parent_x	parent_living	parent_hidden	parent_sharing	child_sharing	birth_energy	giver_weight_sum
0	35	35	1	36	36	1	1.000000	0.900000	0.900000	0.113309	0.113309
0	35	36	2	36	36	1	1.000000	0.900000	0.900000	0.112093	0.112093
0	35	37	3	36	36	1	1.000000	0.900000	0.900000	0.109981	0.109981
1	34	34	1	35	35	1	1.000000	0.900000	0.900000	0.064992	0.064992
1	34	35	1	35	36	1	1.000000	0.900000	0.900000	0.163977	0.163977
1	34	36	2	35	36	1	1.000000	0.900000	0.900000	0.199154	0.199154
1	34	37	3	35	36	1	1.000000	0.900000	0.900000	0.159722	0.159722
1	34	38	3	35	37	1	1.000000	0.900000	0.900000	0.064526	0.064526
1	35	34	0	35	35	1	1.000000	0.900000	0.900000	0.066232	0.066232
1	35	38	4	35	37	1	1.000000	0.900000	0.900000	0.061459	0.061459
1	36	34	7	35	35	1	1.000000	0.900000	0.900000	0.056912	0.056912
2	33	35	1	34	36	1	1.000000	0.900000	0.900000	0.089566	0.089566
2	33	36	2	34	36	1	1.000000	0.900000	0.900000	0.107337	0.107337
2	35	33	1	36	34	1	1.000000	0.900000	0.900000	0.056019	0.056019
2	35	35	7	34	36	1	1.000000	0.900000	0.900000	0.107069	0.107069
2	36	33	0	36	34	1	1.000000	0.900000	0.900000	0.052836	0.052836
3	32	35	1	33	36	1	1.000000	0.900000	0.900000	0.061411	0.061411
3	32	36	2	33	36	1	1.000000	0.900000	0.900000	0.058326	0.058326
3	34	34	1	35	35	1	1.000000	0.900000	0.900000	0.081281	0.081281
3	34	35	7	33	36	1	1.000000	0.900000	0.900000	0.068620	0.068620
3	35	32	1	36	33	1	1.000000	0.900000	0.900000	0.050549	0.050549
3	35	34	0	35	35	1	1.000000	0.900000	0.900000	0.093320	0.093320
3	36	32	0	36	33	1	1.000000	0.900000	0.900000	0.050180	0.050180
3	36	34	7	35	35	1	1.000000	0.900000	0.900000	0.099885	0.099885
4	31	34	1	32	35	1	1.000000	0.900000	0.900000	0.057630	0.057630
4	31	35	1	32	36	1	1.000000	0.900000	0.900000	0.148366	0.148366
4	31	36	2	32	36	1	1.000000	0.900000	0.900000	0.129477	0.129477
4	32	34	0	32	35	1	1.000000	0.900000	0.900000	0.058715	0.058715
4	33	34	7	32	35	1	1.000000	0.900000	0.900000	0.079553	0.079553
4	33	35	7	32	36	1	1.000000	0.900000	0.900000	0.095239	0.095239
4	34	31	1	35	32	1	1.000000	0.900000	0.900000	0.056098	0.056098
4	34	32	2	35	32	1	1.000000	0.900000	0.900000	0.053459	0.053459
4	34	33	3	35	32	1	1.000000	0.900000	0.900000	0.071458	0.071458
4	35	31	1	36	32	1	1.000000	0.900000	0.900000	0.141987	0.141987
4	35	33	1	36	34	1	1.000000	0.900000	0.900000	0.104017	0.104017
4	35	35	3	36	34	1	1.000000	0.900000	0.900000	0.072459	0.072459
4	36	31	0	36	32	1	1.000000	0.900000	0.900000	0.139448	0.139448
4	36	33	0	36	34	1	1.000000	0.900000	0.900000	0.113633	0.113633
4	37	31	7	36	32	1	1.000000	0.900000	0.900000	0.092154	0.092154
5	30	34	1	31	35	1	1.000000	0.900000	0.900000	0.135414	0.135414
5	30	35	1	31	36	1	1.000000	0.900000	0.900000	0.285971	0.285971
5	30	36	2	31	36	1	1.000000	0.900000	0.900000	0.219799	0.219799
5	31	33	0	31	34	1	1.000000	0.900000	0.900000	0.053008	0.053008
5	32	33	7	31	34	1	1.000000	0.900000	0.900000	0.060717	0.060717
5	32	35	7	31	36	1	1.000000	0.900000	0.900000	0.162668	0.162668
5	33	31	2	34	31	1	1.000000	0.900000	0.900000	0.051604	0.051604
5	33	32	3	34	31	1	1.000000	0.900000	0.900000	0.055379	0.055379
5	33	33	7	32	34	1	1.000000	0.900000	0.900000	0.059992	0.059992
5	34	30	1	35	31	1	1.000000	0.900000	0.900000	0.135314	0.135314
5	34	34	1	35	35	1	1.000000	0.900000	0.900000	0.118166	0.118166
5	34	35	2	35	35	1	1.000000	0.900000	0.900000	0.094904	0.094904
5	34	36	3	35	35	1	1.000000	0.900000	0.900000	0.082131	0.082131
5	35	30	1	36	31	1	1.000000	0.900000	0.900000	0.283690	0.283690
5	35	32	1	36	33	1	1.000000	0.900000	0.900000	0.154802	0.154802
5	36	30	0	36	31	1	1.000000	0.900000	0.900000	0.303908	0.303909
5	36	32	0	36	33	1	1.000000	0.900000	0.900000	0.164752	0.164752
5	36	34	4	36	33	1	1.000000	0.900000	0.900000	0.070237	0.070237
5	37	30	7	36	31	1	1.000000	0.900000	0.900000	0.254006	0.254006
5	38	30	7	37	31	1	1.000000	0.900000	0.900000	0.095368	0.095368
5	38	31	6	37	31	1	1.000000	0.900000	0.900000	0.097156	0.097156
5	38	32	5	37	31	1	1.000000	0.900000	0.900000	0.080985	0.080985
6	29	34	1	30	35	1	1.000000	0.900000	0.900000	0.117874	0.117874
6	29	35	1	30	36	1	1.000000	0.900000	0.900000	0.229423	0.229423
6	29	36	2	30	36	1	1.000000	0.900000	0.900000	0.175315	0.175315
6	31	34	7	30	35	1	1.000000	0.900000	0.900000	0.148336	0.148336
6	31	35	7	30	36	1	1.000000	0.900000	0.900000	0.142302	0.142302
6	31	36	5	30	35	1	1.000000	0.900000	0.900000	0.103993	0.103993
6	33	34	7	32	35	1	1.000000	0.900000	0.900000	0.110878	0.110878
6	33	35	6	32	35	1	1.000000	0.900000	0.900000	0.144301	0.144301
6	33	36	5	32	35	1	1.000000	0.900000	0.900000	0.122497	0.122497
6	34	29	1	35	30	1	1.000000	0.900000	0.900000	0.118459	0.118459
6	34	31	1	35	32	1	1.000000	0.900000	0.900000	0.148716	0.148716
6	34	32	2	35	32	1	1.000000	0.900000	0.900000	0.067520	0.067520
6	34	33	3	35	32	1	1.000000	0.900000	0.900000	0.061507	0.061507
6	35	29	1	36	30	1	1.000000	0.900000	0.900000	0.240755	0.240755
6	35	31	1	36	32	1	1.000000	0.900000	0.900000	0.251945	0.251945
6	35	33	1	36	34	1	1.000000	0.900000	0.900000	0.086760	0.086760
6	35	34	2	36	34	1	1.000000	0.900000	0.900000	0.064087	0.064087
6	35	35	3	36	34	1	1.000000	0.900000	0.900000	0.087068	0.087068
6	36	29	0	36	30	1	1.000000	0.900000	0.900000	0.264207	0.264207
6	36	31	0	36	32	1	1.000000	0.900000	0.900000	0.283202	0.283202
6	37	29	7	36	30	1	1.000000	0.900000	0.900000	0.235120	0.235120
6	37	31	7	36	32	1	1.000000	0.900000	0.900000	0.270569	0.270569
6	38	29	7	37	30	1	1.000000	0.900000	0.900000	0.108801	0.108801
6	39	30	7	38	31	1	1.000000	0.900000	0.900000	0.061025	0.061025
6	39	31	6	38	31	1	1.000000	0.900000	0.900000	0.079900	0.079900
6	39	32	5	38	31	1	1.000000	0.900000	0.900000	0.059543	0.059543
7	28	34	1	29	35	1	1.000000	0.900000	0.900000	0.054532	0.054532
7	28	35	1	29	36	1	1.000000	0.900000	0.900000	0.099374	0.099374
7	28	36	2	29	36	1	1.000000	0.900000	0.900000	0.080662	0.080662
7	30	34	1	31	35	1	1.000000	0.900000	0.900000	0.135392	0.135392
7	30	35	1	31	36	1	1.000000	0.900000	0.900000	0.166005	0.166005
7	32	33	7	31	34	1	1.000000	0.900000	0.900000	0.056940	0.056940
7	32	34	7	31	35	1	1.000000	0.900000	0.900000	0.178759	0.178759
7	32	35	6	31	35	1	1.000000	0.900000	0.900000	0.280958	0.280958
7	32	36	6	31	36	1	1.000000	0.900000	0.900000	0.283770	0.283770
7	32	37	5	31	36	1	1.000000	0.900000	0.900000	0.192122	0.192122
7	33	30	1	34	31	1	1.000000	0.900000	0.900000	0.057858	0.057858
7	33	31	2	34	31	1	1.000000	0.900000	0.900000	0.064640	0.064640
7	33	32	3	34	31	1	1.000000	0.900000	0.900000	0.065285	0.065285
7	34	28	1	35	29	1	1.000000	0.900000	0.900000	0.056372	0.056372
7	34	30	1	35	31	1	1.000000	0.900000	0.900000	0.210917	0.210917
7	34	34	1	35	35	1	1.000000	0.900000	0.900000	0.146580	0.146580
7	34	35	2	35	35	1	1.000000	0.900000	0.900000	0.158583	0.158583
7	34	36	3	35	35	1	1.000000	0.900000	0.900000	0.130722	0.130722
7	35	28	1	36	29	1	1.000000	0.900000	0.900000	0.112211	0.112211
7	35	30	1	36	31	1	1.000000	0.900000	0.900000	0.386188	0.386188
7	35	32	4	35	31	1	1.000000	0.900000	0.900000	0.125585	0.125585
7	36	28	0	36	29	1	1.000000	0.900000	0.900000	0.131477	0.131477
7	36	30	0	36	31	1	1.000000	0.900000	0.900000	0.432578	0.432578
7	36	32	3	37	31	1	1.000000	0.900000	0.900000	0.137228	0.137228
7	37	28	7	36	29	1	1.000000	0.900000	0.900000	0.110352	0.110352
7	37	30	7	36	31	1	1.000000	0.900000	0.900000	0.366997	0.366997
7	38	28	7	37	29	1	1.000000	0.900000	0.900000	0.054386	0.054386
7	38	30	7	37	31	1	1.000000	0.900000	0.900000	0.173186	0.173186
7	38	31	6	37	31	1	1.000000	0.900000	0.900000	0.124804	0.124804
8	29	34	1	30	35	1	1.000000	0.900000	0.900000	0.100466	0.100466
8	31	33	1	32	34	1	1.000000	0.900000	0.900000	0.056711	0.056711
8	31	34	7	30	35	1	1.000000	0.900000	0.900000	0.135558	0.135558
8	31	35	6	30	35	1	1.000000	0.900000	0.900000	0.147288	0.147288
8	31	36	3	32	35	1	1.000000	0.900000	0.900000	0.146949	0.146949
8	31	38	3	32	37	1	1.000000	0.900000	0.900000	0.066762	0.066762
8	32	38	4	32	37	1	1.000000	0.900000	0.900000	0.077909	0.077909
8	33	33	7	32	34	1	1.000000	0.900000	0.900000	0.052259	0.052259
8	33	34	7	32	35	1	1.000000	0.900000	0.900000	0.170453	0.170453
8	33	35	7	32	36	1	1.000000	0.900000	0.900000	0.329950	0.329950
8	33	36	6	32	36	1	1.000000	0.900000	0.900000	0.343506	0.343506
8	33	37	5	32	36	1	1.000000	0.900000	0.900000	0.244269	0.244269
8	33	38	5	32	37	1	1.000000	0.900000	0.900000	0.076417	0.076417
8	34	29	1	35	30	1	1.000000	0.900000	0.900000	0.142512	0.142512
8	34	31	3	35	30	1	1.000000	0.900000	0.900000	0.127077	0.127077
8	34	32	2	35	32	1	1.000000	0.900000	0.900000	0.059041	0.059041
8	34	33	3	35	32	1	1.000000	0.900000	0.900000	0.088508	0.088508
8	35	29	1	36	30	1	1.000000	0.900000	0.900000	0.291854	0.291854
8	35	31	1	36	32	1	1.000000	0.900000	0.900000	0.205279	0.205279
8	35	33	3	36	32	1	1.000000	0.900000	0.900000	0.187784	0.187784
8	35	35	7	34	36	1	1.000000	0.900000	0.900000	0.064795	0.064795
8	36	29	0	36	30	1	1.000000	0.900000	0.900000	0.316114	0.316114
8	36	31	0	36	32	1	1.000000	0.900000	0.900000	0.196531	0.196531
8	37	29	7	36	30	1	1.000000	0.900000	0.900000	0.288008	0.288008
8	37	32	3	38	31	1	1.000000	0.900000	0.900000	0.055120	0.055120
8	38	29	7	37	30	1	1.000000	0.900000	0.900000	0.134291	0.134291
8	39	30	7	38	31	1	1.000000	0.900000	0.900000	0.073760	0.073760
8	39	31	6	38	31	1	1.000000	0.900000	0.900000	0.072798	0.072798
9	30	34	2	31	34	1	1.000000	0.900000	0.900000	0.057368	0.057368
9	30	35	1	31	36	1	1.000000	0.900000	0.900000	0.199295	0.199295
9	30	36	2	31	36	1	1.000000	0.900000	0.900000	0.208808	0.208808
9	31	39	4	31	38	1	1.000000	0.900000	0.900000	0.055491	0.055491
9	32	33	7	31	34	1	1.000000	0.900000	0.900000	0.061583	0.061583
9	32	34	7	31	35	1	1.000000	0.900000	0.900000	0.202966	0.202966
9	32	35	6	31	35	1	1.000000	0.900000	0.900000	0.272332	0.272332
9	32	36	5	31	35	1	1.000000	0.900000	0.900000	0.243898	0.243898
9	32	37	5	31	36	1	1.000000	0.900000	0.900000	0.208379	0.208379
9	32	39	5	31	38	1	1.000000	0.900000	0.900000	0.059750	0.059750
9	33	31	2	34	31	1	1.000000	0.900000	0.900000	0.062479	0.062479
9	33	32	3	34	31	1	1.000000	0.900000	0.900000	0.073596	0.073596
9	33	33	0	33	34	1	1.000000	0.900000	0.900000	0.052991	0.052991
9	34	28	1	35	29	1	1.000000	0.900000	0.900000	0.065158	0.065158
9	34	30	1	35	31	1	1.000000	0.900000	0.900000	0.196042	0.196042
9	34	34	7	33	35	1	1.000000	0.900000	0.900000	0.157526	0.157526
9	34	35	7	33	36	1	1.000000	0.900000	0.900000	0.157483	0.157483
9	34	36	6	33	36	1	1.000000	0.900000	0.900000	0.177084	0.177084
9	34	37	5	33	36	1	1.000000	0.900000	0.900000	0.118165	0.118165
9	34	38	5	33	37	1	1.000000	0.900000	0.900000	0.051959	0.051959
9	35	28	1	36	29	1	1.000000	0.900000	0.900000	0.127243	0.127243
9	35	30	1	36	31	1	1.000000	0.900000	0.900000	0.372620	0.372620
9	35	32	5	34	31	1	1.000000	0.900000	0.900000	0.136631	0.136631
9	35	34	0	35	35	1	1.000000	0.900000	0.900000	0.100276	0.100276
9	36	28	0	36	29	1	1.000000	0.900000	0.900000	0.148943	0.148943
9	36	30	0	36	31	1	1.000000	0.900000	0.900000	0.366942	0.366942
9	36	32	2	37	32	1	1.000000	0.900000	0.900000	0.158047	0.158047
9	36	33	3	37	32	1	1.000000	0.900000	0.900000	0.081209	0.081209
9	36	34	7	35	35	1	1.000000	0.900000	0.900000	0.088077	0.088077
9	36	35	6	35	35	1	1.000000	0.900000	0.900000	0.059225	0.059225
9	37	28	7	36	29	1	1.000000	0.900000	0.900000	0.125609	0.125609
9	37	30	7	36	31	1	1.000000	0.900000	0.900000	0.262142	0.262142
9	37	33	4	37	32	1	1.000000	0.900000	0.900000	0.054601	0.054601
9	38	28	7	37	29	1	1.000000	0.900000	0.900000	0.063486	0.063486
9	38	30	5	37	29	1	1.000000	0.900000	0.900000	0.059106	0.059106
10	29	34	1	30	35	1	1.000000	0.900000	0.900000	0.096890	0.096890
10	29	35	1	30	36	1	1.000000	0.900000	0.900000	0.210348	0.210348
10	29	36	2	30	36	1	1.000000	0.900000	0.900000	0.165563	0.165563
10	31	34	7	30	35	1	1.000000	0.900000	0.900000	0.132942	0.132942
10	31	35	7	30	36	1	1.000000	0.900000	0.900000	0.204698	0.204698
10	31	36	2	32	36	1	1.000000	0.900000	0.900000	0.199323	0.199323
10	31	38	3	32	37	1	1.000000	0.900000	0.900000	0.068691	0.068691
10	32	38	4	32	37	1	1.000000	0.900000	0.900000	0.080164	0.080164
10	33	33	7	32	34	1	1.000000	0.900000	0.900000	0.054567	0.054567
10	33	34	7	32	35	1	1.000000	0.900000	0.900000	0.164875	0.164875
10	33	35	6	32	35	1	1.000000	0.900000	0.900000	0.259999	0.259999
10	33	36	6	32	36	1	1.000000	0.900000	0.900000	0.329842	0.329842
10	33	37	5	32	36	1	1.000000	0.900000	0.900000	0.255889	0.255889
10	33	38	5	32	37	1	1.000000	0.900000	0.900000	0.110859	0.110859
10	34	29	1	35	30	1	1.000000	0.900000	0.900000	0.138567	0.138567
10	34	31	3	35	30	1	1.000000	0.900000	0.900000	0.119475	0.119475
10	34	33	3	35	32	1	1.000000	0.900000	0.900000	0.103711	0.103711
10	35	29	1	36	30	1	1.000000	0.900000	0.900000	0.281341	0.281341
10	35	31	1	36	32	1	1.000000	0.900000	0.900000	0.219977	0.219977
10	35	33	3	36	32	1	1.000000	0.900000	0.900000	0.280098	0.280098
10	35	35	7	34	36	1	1.000000	0.900000	0.900000	0.167851	0.167851
10	35	36	6	34	36	1	1.000000	0.900000	0.900000	0.140061	0.140061
10	35	37	5	34	36	1	1.000000	0.900000	0.900000	0.080190	0.080190
10	36	29	0	36	30	1	1.000000	0.900000	0.900000	0.297323	0.297323
10	36	31	0	36	32	1	1.000000	0.900000	0.900000	0.255551	0.255551
10	37	29	7	36	30	1	1.000000	0.900000	0.900000	0.252053	0.252053
10	37	34	7	36	35	1	1.000000	0.900000	0.900000	0.171573	0.171573
10	37	35	6	36	35	1	1.000000	0.900000	0.900000	0.125593	0.125593
10	37	36	5	36	35	1	1.000000	0.900000	0.900000	0.093188	0.093188
10	38	29	7	37	30	1	1.000000	0.900000	0.900000	0.099754	0.099754
10	38	31	5	37	30	1	1.000000	0.900000	0.900000	0.095725	0.095725
11	28	35	1	29	36	1	1.000000	0.900000	0.900000	0.093857	0.093857
11	28	36	2	29	36	1	1.000000	0.900000	0.900000	0.077556	0.077556
11	30	35	1	31	36	1	1.000000	0.900000	0.900000	0.292005	0.292005
11	30	36	2	31	36	1	1.000000	0.900000	0.900000	0.256254	0.256254
11	30	37	3	31	36	1	1.000000	0.900000	0.900000	0.207903	0.207903
11	31	39	4	31	38	1	1.000000	0.900000	0.900000	0.056047	0.056047
11	32	33	7	31	34	1	1.000000	0.900000	0.900000	0.060692	0.060692
11	32	34	7	31	35	1	1.000000	0.900000	0.900000	0.199822	0.199822
11	32	35	6	31	35	1	1.000000	0.900000	0.900000	0.294626	0.294626
11	32	36	5	31	35	1	1.000000	0.900000	0.900000	0.240573	0.240573
11	32	39	5	31	38	1	1.000000	0.900000	0.900000	0.063934	0.063934
11	33	30	1	34	31	1	1.000000	0.900000	0.900000	0.053562	0.053562
11	33	32	3	34	31	1	1.000000	0.900000	0.900000	0.053905	0.053905
11	34	28	1	35	29	1	1.000000	0.900000	0.900000	0.063448	0.063448
11	34	30	1	35	31	1	1.000000	0.900000	0.900000	0.196435	0.196435
11	34	32	3	35	31	1	1.000000	0.900000	0.900000	0.161892	0.161892
11	34	34	1	35	35	1	1.000000	0.900000	0.900000	0.169859	0.169859
11	34	35	7	33	36	1	1.000000	0.900000	0.900000	0.174321	0.174321
11	34	36	6	33	36	1	1.000000	0.900000	0.900000	0.235431	0.235431
11	34	37	5	33	36	1	1.000000	0.900000	0.900000	0.198448	0.198448
11	34	38	3	35	37	1	1.000000	0.900000	0.900000	0.110008	0.110008
11	35	28	1	36	29	1	1.000000	0.900000	0.900000	0.123235	0.123235
11	35	30	1	36	31	1	1.000000	0.900000	0.900000	0.372353	0.372353
11	35	32	0	35	33	1	1.000000	0.900000	0.900000	0.130175	0.130175
11	35	34	0	35	35	1	1.000000	0.900000	0.900000	0.126222	0.126222
11	35	38	4	35	37	1	1.000000	0.900000	0.900000	0.061555	0.061555
11	36	28	0	36	29	1	1.000000	0.900000	0.900000	0.141811	0.141811
11	36	30	0	36	31	1	1.000000	0.900000	0.900000	0.363884	0.363884
11	36	32	5	35	31	1	1.000000	0.900000	0.900000	0.107219	0.107219
11	36	33	6	35	33	1	1.000000	0.900000	0.900000	0.058922	0.058922
11	36	34	7	35	35	1	1.000000	0.900000	0.900000	0.154405	0.154405
11	36	35	7	35	36	1	1.000000	0.900000	0.900000	0.255413	0.255413
11	36	36	6	35	36	1	1.000000	0.900000	0.900000	0.285596	0.285596
11	36	37	5	35	36	1	1.000000	0.900000	0.900000	0.245004	0.245004
11	36	38	5	35	37	1	1.000000	0.900000	0.900000	0.060408	0.060408
11	37	28	7	36	29	1	1.000000	0.900000	0.900000	0.115528	0.115528
11	37	30	7	36	31	1	1.000000	0.900000	0.900000	0.278181	0.278181
11	37	37	4	37	36	1	1.000000	0.900000	0.900000	0.096822	0.096822
11	38	28	7	37	29	1	1.000000	0.900000	0.900000	0.055356	0.055356
11	38	30	5	37	29	1	1.000000	0.900000	0.900000	0.072493	0.072493
11	38	34	7	37	35	1	1.000000	0.900000	0.900000	0.098085	0.098085
11	38	35	6	37	35	1	1.000000	0.900000	0.900000	0.156088	0.156088
11	38	36	6	37	36	1	1.000000	0.900000	0.900000	0.159783	0.159783
11	38	37	5	37	36	1	1.000000	0.900000	0.900000	0.095080	0.095080
12	29	34	1	30	35	1	1.000000	0.900000	0.900000	0.090484	0.090484
12	29	35	1	30	36	1	1.000000	0.900000	0.900000	0.211603	0.211603
12	29	36	2	30	36	1	1.000000	0.900000	0.900000	0.250247	0.250247
12	29	38	3	30	37	1	1.000000	0.900000	0.900000	0.078586	0.078586
12	30	34	0	30	35	1	1.000000	0.900000	0.900000	0.092280	0.092280
12	30	38	4	30	37	1	1.000000	0.900000	0.900000	0.074779	0.074779
12	31	34	7	30	35	1	1.000000	0.900000	0.900000	0.130326	0.130326
12	31	35	7	30	36	1	1.000000	0.900000	0.900000	0.201032	0.201032
12	31	36	2	32	36	1	1.000000	0.900000	0.900000	0.207115	0.207115
12	31	38	5	30	37	1	1.000000	0.900000	0.900000	0.051206	0.051206
12	33	31	3	34	30	1	1.000000	0.900000	0.900000	0.061435	0.061435
12	33	33	7	32	34	1	1.000000	0.900000	0.900000	0.089324	0.089324
12	33	34	7	32	35	1	1.000000	0.900000	0.900000	0.174614	0.174614
12	33	35	6	32	35	1	1.000000	0.900000	0.900000	0.270412	0.270412
12	33	36	6	32	36	1	1.000000	0.900000	0.900000	0.294104	0.294104
12	33	37	5	32	36	1	1.000000	0.900000	0.900000	0.200431	0.200431
12	34	29	1	35	30	1	1.000000	0.900000	0.900000	0.138559	0.138559
12	34	31	3	35	30	1	1.000000	0.900000	0.900000	0.181190	0.181190
12	34	33	4	34	32	1	1.000000	0.900000	0.900000	0.101277	0.101277
12	35	29	1	36	30	1	1.000000	0.900000	0.900000	0.279553	0.279553
12	35	31	0	35	32	1	1.000000	0.900000	0.900000	0.214028	0.214028
12	35	33	3	36	32	1	1.000000	0.900000	0.900000	0.244038	0.244038
12	35	35	7	34	36	1	1.000000	0.900000	0.900000	0.204254	0.204254
12	35	36	6	34	36	1	1.000000	0.900000	0.900000	0.232163	0.232163
12	35	37	5	34	36	1	1.000000	0.900000	0.900000	0.245800	0.245800
12	35	39	3	36	38	1	1.000000	0.900000	0.900000	0.064944	0.064944
12	36	29	0	36	30	1	1.000000	0.900000	0.900000	0.296905	0.296905
12	36	31	7	35	32	1	1.000000	0.900000	0.900000	0.215899	0.215899
12	36	39	4	36	38	1	1.000000	0.900000	0.900000	0.054243	0.054243
12	37	29	7	36	30	1	1.000000	0.900000	0.900000	0.253497	0.253497
12	37	32	6	36	32	1	1.000000	0.900000	0.900000	0.123865	0.123865
12	37	33	5	36	32	1	1.000000	0.900000	0.900000	0.186401	0.186401
12	37	34	7	36	35	1	1.000000	0.900000	0.900000	0.229640	0.229640
12	37	35	7	36	36	1	1.000000	0.900000	0.900000	0.374097	0.374097
12	37	36	6	36	36	1	1.000000	0.900000	0.900000	0.432082	0.432082
12	37	38	5	36	37	1	1.000000	0.900000	0.900000	0.238665	0.238665
12	38	29	7	37	30	1	1.000000	0.900000	0.900000	0.103067	0.103067
12	38	31	5	37	30	1	1.000000	0.900000	0.900000	0.099275	0.099275
12	38	38	5	37	37	1	1.000000	0.900000	0.900000	0.085981	0.085981
12	39	35	7	38	36	1	1.000000	0.900000	0.900000	0.087234	0.087234
12	39	36	6	38	36	1	1.000000	0.900000	0.900000	0.096967	0.096967
12	39	37	5	38	36	1	1.000000	0.900000	0.900000	0.068736	0.068736
13	28	35	1	29	36	1	1.000000	0.900000	0.900000	0.103877	0.103877
13	28	36	2	29	36	1	1.000000	0.900000	0.900000	0.088049	0.088049
13	29	37	4	29	36	1	1.000000	0.900000	0.900000	0.072087	0.072087
13	30	33	1	31	34	1	1.000000	0.900000	0.900000	0.069528	0.069528
13	30	35	1	31	36	1	1.000000	0.900000	0.900000	0.317457	0.317457
13	30	36	2	31	36	1	1.000000	0.900000	0.900000	0.263231	0.263231
13	30	37	3	31	36	1	1.000000	0.900000	0.900000	0.227300	0.227300
13	30	39	3	31	38	1	1.000000	0.900000	0.900000	0.061133	0.061133
13	31	33	0	31	34	1	1.000000	0.900000	0.900000	0.065379	0.065379
13	31	39	4	31	38	1	1.000000	0.900000	0.900000	0.053552	0.053552
13	32	33	7	31	34	1	1.000000	0.900000	0.900000	0.061871	0.061871
13	32	34	7	31	35	1	1.000000	0.900000	0.900000	0.200783	0.200783
13	32	35	6	31	35	1	1.000000	0.900000	0.900000	0.293400	0.293400
13	32	36	5	31	35	1	1.000000	0.900000	0.900000	0.233323	0.233323
13	32	38	3	33	37	1	1.000000	0.900000	0.900000	0.065950	0.065950
13	33	30	1	34	31	1	1.000000	0.900000	0.900000	0.060650	0.060650
13	34	28	1	35	29	1	1.000000	0.900000	0.900000	0.063237	0.063237
13	34	30	1	35	31	1	1.000000	0.900000	0.900000	0.196201	0.196201
13	34	32	4	34	31	1	1.000000	0.900000	0.900000	0.123116	0.123116
13	34	34	1	35	35	1	1.000000	0.900000	0.900000	0.172084	0.172084
13	34	35	7	33	36	1	1.000000	0.900000	0.900000	0.176970	0.176970
13	34	36	6	33	36	1	1.000000	0.900000	0.900000	0.241704	0.241704
13	34	37	5	33	36	1	1.000000	0.900000	0.900000	0.192249	0.192249
13	34	38	3	35	37	1	1.000000	0.900000	0.900000	0.129419	0.129419
13	35	28	1	36	29	1	1.000000	0.900000	0.900000	0.122973	0.122973
13	35	30	0	35	31	1	1.000000	0.900000	0.900000	0.305599	0.305599
13	35	32	5	34	31	1	1.000000	0.900000	0.900000	0.154197	0.154197
13	35	34	0	35	35	1	1.000000	0.900000	0.900000	0.128362	0.128362
13	35	38	4	35	37	1	1.000000	0.900000	0.900000	0.126188	0.126188
13	35	40	3	36	39	1	1.000000	0.900000	0.900000	0.052358	0.052358
13	36	28	0	36	29	1	1.000000	0.900000	0.900000	0.141707	0.141707
13	36	30	0	36	31	1	1.000000	0.900000	0.900000	0.373573	0.373573
13	36	33	3	37	32	1	1.000000	0.900000	0.900000	0.125036	0.125036
13	36	34	7	35	35	1	1.000000	0.900000	0.900000	0.239970	0.239970
13	36	35	7	35	36	1	1.000000	0.900000	0.900000	0.284936	0.284936
13	36	36	6	35	36	1	1.000000	0.900000	0.900000	0.329214	0.329214
13	36	37	5	35	36	1	1.000000	0.900000	0.900000	0.294086	0.294086
13	36	38	5	35	37	1	1.000000	0.900000	0.900000	0.153438	0.153438
13	37	28	7	36	29	1	1.000000	0.900000	0.900000	0.115974	0.115974
13	37	30	7	36	31	1	1.000000	0.900000	0.900000	0.275203	0.275203
13	37	31	6	36	31	1	1.000000	0.900000	0.900000	0.234520	0.234520
13	37	39	4	37	38	1	1.000000	0.900000	0.900000	0.078440	0.078440
13	38	28	7	37	29	1	1.000000	0.900000	0.900000	0.055890	0.055890
13	38	30	5	37	29	1	1.000000	0.900000	0.900000	0.073188	0.073188
13	38	32	6	37	32	1	1.000000	0.900000	0.900000	0.136589	0.136589
13	38	33	5	37	32	1	1.000000	0.900000	0.900000	0.144179	0.144179
13	38	34	7	37	35	1	1.000000	0.900000	0.900000	0.197896	0.197896
13	38	35	7	37	36	1	1.000000	0.900000	0.900000	0.321233	0.321233
13	38	36	6	37	36	1	1.000000	0.900000	0.900000	0.297380	0.297380
13	38	37	5	37	36	1	1.000000	0.900000	0.900000	0.242277	0.242277
13	38	39	5	37	38	1	1.000000	0.900000	0.900000	0.052217	0.052217
13	40	35	7	39	36	1	1.000000	0.900000	0.900000	0.059412	0.059412
13	40	36	6	39	36	1	1.000000	0.900000	0.900000	0.077233	0.077233
13	40	37	5	39	36	1	1.000000	0.900000	0.900000	0.057788	0.057788
14	29	34	1	30	35	1	1.000000	0.900000	0.900000	0.094112	0.094112
14	29	35	1	30	36	1	1.000000	0.900000	0.900000	0.215743	0.215743
14	29	36	2	30	36	1	1.000000	0.900000	0.900000	0.272087	0.272087
14	29	38	3	30	37	1	1.000000	0.900000	0.900000	0.103638	0.103638
14	30	34	0	30	35	1	1.000000	0.900000	0.900000	0.095989	0.095989
14	30	38	4	30	37	1	1.000000	0.900000	0.900000	0.099410	0.099410
14	31	34	7	30	35	1	1.000000	0.900000	0.900000	0.133528	0.133528
14	31	35	7	30	36	1	1.000000	0.900000	0.900000	0.203393	0.203393
14	31	36	2	32	36	1	1.000000	0.900000	0.900000	0.210158	0.210158
14	31	38	5	30	37	1	1.000000	0.900000	0.900000	0.074107	0.074107
14	33	31	3	34	30	1	1.000000	0.900000	0.900000	0.052844	0.052844
14	33	33	7	32	34	1	1.000000	0.900000	0.900000	0.085513	0.085513
14	33	34	7	32	35	1	1.000000	0.900000	0.900000	0.175130	0.175130
14	33	35	6	32	35	1	1.000000	0.900000	0.900000	0.270624	0.270624
14	33	36	6	32	36	1	1.000000	0.900000	0.900000	0.293081	0.293081
14	33	37	5	32	36	1	1.000000	0.900000	0.900000	0.216849	0.216849
14	33	38	3	34	37	1	1.000000	0.900000	0.900000	0.064537	0.064537
14	34	29	1	35	30	1	1.000000	0.900000	0.900000	0.126480	0.126480
14	34	33	3	35	32	1	1.000000	0.900000	0.900000	0.139005	0.139005
14	34	39	1	35	40	1	1.000000	0.900000	0.900000	0.094083	0.094083
14	34	40	2	35	40	1	1.000000	0.900000	0.900000	0.057451	0.057451
14	34	41	3	35	40	1	1.000000	0.900000	0.900000	0.056346	0.056346
14	35	29	1	36	30	1	1.000000	0.900000	0.900000	0.272473	0.272473
14	35	31	4	35	30	1	1.000000	0.900000	0.900000	0.134419	0.134419
14	35	33	4	35	32	1	1.000000	0.900000	0.900000	0.234181	0.234181
14	35	35	7	34	36	1	1.000000	0.900000	0.900000	0.212901	0.212901
14	35	36	6	34	36	1	1.000000	0.900000	0.900000	0.235808	0.235808
14	35	37	2	36	37	1	1.000000	0.900000	0.900000	0.263147	0.263147
14	35	39	3	36	38	1	1.000000	0.900000	0.900000	0.115481	0.115481
14	36	29	0	36	30	1	1.000000	0.900000	0.900000	0.307041	0.307041
14	36	31	5	35	30	1	1.000000	0.900000	0.900000	0.210316	0.210316
14	36	32	6	35	32	1	1.000000	0.900000	0.900000	0.148330	0.148330
14	36	39	4	36	38	1	1.000000	0.900000	0.900000	0.118488	0.118488
14	37	29	7	36	30	1	1.000000	0.900000	0.900000	0.255225	0.255225
14	37	32	4	37	31	1	1.000000	0.900000	0.900000	0.162949	0.162949
14	37	33	7	36	34	1	1.000000	0.900000	0.900000	0.139265	0.139265
14	37	34	7	36	35	1	1.000000	0.900000	0.900000	0.293413	0.293413
14	37	35	7	36	36	1	1.000000	0.900000	0.900000	0.417960	0.417960
14	37	36	6	36	36	1	1.000000	0.900000	0.900000	0.449234	0.449234
14	37	37	5	36	36	1	1.000000	0.900000	0.900000	0.398305	0.398305
14	37	38	5	36	37	1	1.000000	0.900000	0.900000	0.232068	0.232068
14	38	29	7	37	30	1	1.000000	0.900000	0.900000	0.103024	0.103024
14	38	31	6	37	31	1	1.000000	0.900000	0.900000	0.244128	0.244128
14	38	38	4	38	37	1	1.000000	0.900000	0.900000	0.063039	0.063039
14	39	31	7	38	32	1	1.000000	0.900000	0.900000	0.050945	0.050945
14	39	33	5	38	32	1	1.000000	0.900000	0.900000	0.071275	0.071275
14	39	34	7	38	35	1	1.000000	0.900000	0.900000	0.130665	0.130665
14	39	35	7	38	36	1	1.000000	0.900000	0.900000	0.174908	0.174908
14	39	36	6	38	36	1	1.000000	0.900000	0.900000	0.224058	0.224058
14	39	37	5	38	36	1	1.000000	0.900000	0.900000	0.174464	0.174464
14	39	38	3	40	37	1	1.000000	0.900000	0.900000	0.098429	0.098429
14	40	34	0	40	35	1	1.000000	0.900000	0.900000	0.054680	0.054680
14	40	38	4	40	37	1	1.000000	0.900000	0.900000	0.058235	0.058235
14	41	34	7	40	35	1	1.000000	0.900000	0.900000	0.057386	0.057386
14	41	35	7	40	36	1	1.000000	0.900000	0.900000	0.147237	0.147237
14	41	36	6	40	36	1	1.000000	0.900000	0.900000	0.182360	0.182360
14	41	37	5	40	36	1	1.000000	0.900000	0.900000	0.150825	0.150825
14	41	38	5	40	37	1	1.000000	0.900000	0.900000	0.057159	0.057159
15	28	34	1	29	35	1	1.000000	0.900000	0.900000	0.050529	0.050529
15	28	35	1	29	36	1	1.000000	0.900000	0.900000	0.107420	0.107420
15	28	36	2	29	36	1	1.000000	0.900000	0.900000	0.091126	0.091126
15	29	37	4	29	36	1	1.000000	0.900000	0.900000	0.078885	0.078885
15	30	33	1	31	34	1	1.000000	0.900000	0.900000	0.070680	0.070680
15	30	35	1	31	36	1	1.000000	0.900000	0.900000	0.320723	0.320723
15	30	36	2	31	36	1	1.000000	0.900000	0.900000	0.265378	0.265378
15	30	37	3	31	36	1	1.000000	0.900000	0.900000	0.234891	0.234891
15	30	39	3	31	38	1	1.000000	0.900000	0.900000	0.069151	0.069151
15	31	33	0	31	34	1	1.000000	0.900000	0.900000	0.066216	0.066216
15	31	39	4	31	38	1	1.000000	0.900000	0.900000	0.059228	0.059228
15	32	33	7	31	34	1	1.000000	0.900000	0.900000	0.062178	0.062178
15	32	34	7	31	35	1	1.000000	0.900000	0.900000	0.201482	0.201482
15	32	35	6	31	35	1	1.000000	0.900000	0.900000	0.293992	0.293992
15	32	36	5	31	35	1	1.000000	0.900000	0.900000	0.235169	0.235169
15	32	37	3	33	36	1	1.000000	0.900000	0.900000	0.135467	0.135467
15	32	38	3	33	37	1	1.000000	0.900000	0.900000	0.079743	0.079743
15	33	40	1	34	41	1	1.000000	0.900000	0.900000	0.061517	0.061517
15	33	41	2	34	41	1	1.000000	0.900000	0.900000	0.052317	0.052317
15	34	28	1	35	29	1	1.000000	0.900000	0.900000	0.061056	0.061056
15	34	30	1	35	31	1	1.000000	0.900000	0.900000	0.094969	0.094969
15	34	31	2	35	31	1	1.000000	0.900000	0.900000	0.087285	0.087285
15	34	32	3	35	31	1	1.000000	0.900000	0.900000	0.154267	0.154267
15	34	34	1	35	35	1	1.000000	0.900000	0.900000	0.176252	0.176252
15	34	35	7	33	36	1	1.000000	0.900000	0.900000	0.177263	0.177263
15	34	36	1	35	37	1	1.000000	0.900000	0.900000	0.299907	0.299907
15	34	37	2	35	37	1	1.000000	0.900000	0.900000	0.246188	0.246188
15	34	38	3	35	37	1	1.000000	0.900000	0.900000	0.167120	0.167120
15	35	30	3	36	29	1	1.000000	0.900000	0.900000	0.147353	0.147353
15	35	32	3	36	31	1	1.000000	0.900000	0.900000	0.311300	0.311300
15	35	34	0	35	35	1	1.000000	0.900000	0.900000	0.132081	0.132081
15	35	40	3	36	39	1	1.000000	0.900000	0.900000	0.112131	0.112131
15	36	28	0	36	29	1	1.000000	0.900000	0.900000	0.142321	0.142321
15	36	30	4	36	29	1	1.000000	0.900000	0.900000	0.150977	0.150977
15	36	33	4	36	32	1	1.000000	0.900000	0.900000	0.260715	0.260715
15	36	34	7	35	35	1	1.000000	0.900000	0.900000	0.242553	0.242553
15	36	35	7	35	36	1	1.000000	0.900000	0.900000	0.293327	0.293327
15	36	36	6	35	36	1	1.000000	0.900000	0.900000	0.366413	0.366413
15	36	37	5	35	36	1	1.000000	0.900000	0.900000	0.304144	0.304144
15	36	38	3	37	37	1	1.000000	0.900000	0.900000	0.196680	0.196680
15	36	40	4	36	39	1	1.000000	0.900000	0.900000	0.062633	0.062633
15	37	30	7	36	31	1	1.000000	0.900000	0.900000	0.201773	0.201773
15	37	31	6	36	31	1	1.000000	0.900000	0.900000	0.314724	0.314724
15	37	39	4	37	38	1	1.000000	0.900000	0.900000	0.082921	0.082921
15	38	28	7	37	29	1	1.000000	0.900000	0.900000	0.056103	0.056103
15	38	30	0	38	31	1	1.000000	0.900000	0.900000	0.097155	0.097155
15	38	32	4	38	31	1	1.000000	0.900000	0.900000	0.128249	0.128249
15	38	33	5	37	32	1	1.000000	0.900000	0.900000	0.163250	0.163250
15	38	34	7	37	35	1	1.000000	0.900000	0.900000	0.227190	0.227190
15	38	35	7	37	36	1	1.000000	0.900000	0.900000	0.365284	0.365284
15	38	36	6	37	36	1	1.000000	0.900000	0.900000	0.399992	0.399992
15	38	37	5	37	36	1	1.000000	0.900000	0.900000	0.376407	0.376407
15	38	39	5	37	38	1	1.000000	0.900000	0.900000	0.062749	0.062749
15	39	30	7	38	31	1	1.000000	0.900000	0.900000	0.066545	0.066545
15	40	33	1	41	34	1	1.000000	0.900000	0.900000	0.062808	0.062808
15	40	35	7	39	36	1	1.000000	0.900000	0.900000	0.184583	0.184583
15	40	36	6	39	36	1	1.000000	0.900000	0.900000	0.218842	0.218842
15	40	39	3	41	38	1	1.000000	0.900000	0.900000	0.062675	0.062675
15	41	33	0	41	34	1	1.000000	0.900000	0.900000	0.052154	0.052154
15	41	39	4	41	38	1	1.000000	0.900000	0.900000	0.053020	0.053020
15	42	34	7	41	35	1	1.000000	0.900000	0.900000	0.136335	0.136335
15	42	35	7	41	36	1	1.000000	0.900000	0.900000	0.285272	0.285272
15	42	36	6	41	36	1	1.000000	0.900000	0.900000	0.310746	0.310746
15	42	37	5	41	36	1	1.000000	0.900000	0.900000	0.289130	0.289130
15	42	38	5	41	37	1	1.000000	0.900000	0.900000	0.135811	0.135811
16	29	36	3	30	35	1	1.000000	0.900000	0.900000	0.119090	0.119090
16	30	38	4	30	37	1	1.000000	0.900000	0.900000	0.050882	0.050882
16	31	35	6	30	35	1	1.000000	0.900000	0.900000	0.132592	0.132592
16	31	36	5	30	35	1	1.000000	0.900000	0.900000	0.151037	0.151037
16	31	37	3	32	36	1	1.000000	0.900000	0.900000	0.100328	0.100328
16	31	38	5	30	37	1	1.000000	0.900000	0.900000	0.065180	0.065180
16	33	33	7	32	34	1	1.000000	0.900000	0.900000	0.068878	0.068878
16	33	34	7	32	35	1	1.000000	0.900000	0.900000	0.102419	0.102419
16	33	35	1	34	36	1	1.000000	0.900000	0.900000	0.149624	0.149624
16	33	36	5	32	35	1	1.000000	0.900000	0.900000	0.152220	0.152220
16	33	37	3	34	36	1	1.000000	0.900000	0.900000	0.125687	0.125687
16	33	38	3	34	37	1	1.000000	0.900000	0.900000	0.069185	0.069185
16	34	33	3	35	32	1	1.000000	0.900000	0.900000	0.086989	0.086989
16	35	29	1	36	30	1	1.000000	0.900000	0.900000	0.060866	0.060866
16	35	31	0	35	32	1	1.000000	0.900000	0.900000	0.099935	0.099935
16	35	33	4	35	32	1	1.000000	0.900000	0.900000	0.138367	0.138367
16	35	35	1	36	36	1	1.000000	0.900000	0.900000	0.169769	0.169769
16	35	38	3	36	37	1	1.000000	0.900000	0.900000	0.092832	0.092832
16	35	39	3	36	38	1	1.000000	0.900000	0.900000	0.054977	0.054977
16	36	29	1	37	30	1	1.000000	0.900000	0.900000	0.063679	0.063679
16	36	31	2	37	31	1	1.000000	0.900000	0.900000	0.112463	0.112463
16	36	32	3	37	31	1	1.000000	0.900000	0.900000	0.086020	0.086020
16	37	29	0	37	30	1	1.000000	0.900000	0.900000	0.065636	0.065636
16	37	32	4	37	31	1	1.000000	0.900000	0.900000	0.086402	0.086402
16	37	33	6	36	33	1	1.000000	0.900000	0.900000	0.105979	0.105979
16	37	34	1	38	35	1	1.000000	0.900000	0.900000	0.162143	0.162143
16	37	35	7	36	36	1	1.000000	0.900000	0.900000	0.190208	0.190208
16	37	36	6	36	36	1	1.000000	0.900000	0.900000	0.210712	0.210712
16	37	38	3	38	37	1	1.000000	0.900000	0.900000	0.104337	0.104337
16	38	38	4	38	37	1	1.000000	0.900000	0.900000	0.053810	0.053810
16	39	33	7	38	34	1	1.000000	0.900000	0.900000	0.061315	0.061315
16	39	34	7	38	35	1	1.000000	0.900000	0.900000	0.106213	0.106213
16	39	35	7	38	36	1	1.000000	0.900000	0.900000	0.144304	0.144304
16	39	36	6	38	36	1	1.000000	0.900000	0.900000	0.158848	0.158848
16	39	37	5	38	36	1	1.000000	0.900000	0.900000	0.105725	0.105725
16	39	38	5	38	37	1	1.000000	0.900000	0.900000	0.053751	0.053751
16	41	34	1	42	35	1	1.000000	0.900000	0.900000	0.074965	0.074965
16	41	35	1	42	36	1	1.000000	0.900000	0.900000	0.114081	0.114081
16	41	36	2	42	36	1	1.000000	0.900000	0.900000	0.129664	0.129664
16	41	37	3	42	36	1	1.000000	0.900000	0.900000	0.098798	0.098798
16	41	38	3	42	37	1	1.000000	0.900000	0.900000	0.052910	0.052910
17	30	37	3	31	36	1	1.000000	0.900000	0.900000	0.056028	0.056028
17	32	34	1	33	35	1	1.000000	0.900000	0.900000	0.050879	0.050879
17	32	35	2	33	35	1	1.000000	0.900000	0.900000	0.075404	0.075404
17	32	36	6	31	36	1	1.000000	0.900000	0.900000	0.090291	0.090291
17	32	37	5	31	36	1	1.000000	0.900000	0.900000	0.075905	0.075905
17	34	34	1	35	35	1	1.000000	0.900000	0.900000	0.081784	0.081784
17	34	35	2	35	35	1	1.000000	0.900000	0.900000	0.062367	0.062367
17	34	36	3	35	35	1	1.000000	0.900000	0.900000	0.062915	0.062915
17	35	32	0	35	33	1	1.000000	0.900000	0.900000	0.054917	0.054917
17	36	33	1	37	34	1	1.000000	0.900000	0.900000	0.060810	0.060810
17	36	34	1	37	35	1	1.000000	0.900000	0.900000	0.080454	0.080454
17	36	35	1	37	36	1	1.000000	0.900000	0.900000	0.070845	0.070845
17	38	33	7	37	34	1	1.000000	0.900000	0.900000	0.053410	0.053410
17	38	34	7	37	35	1	1.000000	0.900000	0.900000	0.078173	0.078173
17	38	35	7	37	36	1	1.000000	0.900000	0.900000	0.097610	0.097610
17	38	36	6	37	36	1	1.000000	0.900000	0.900000	0.082439	0.082439
17	40	34	7	39	35	1	1.000000	0.900000	0.900000	0.054439	0.054439
17	40	35	7	39	36	1	1.000000	0.900000	0.900000	0.079269	0.079269
17	40	36	6	39	36	1	1.000000	0.900000	0.900000	0.085656	0.085656
17	40	37	5	39	36	1	1.000000	0.900000	0.900000	0.064041	0.064041
19	33	35	7	32	36	1	1.000000	0.900000	0.900000	0.054522	0.054522
19	39	35	5	38	34	1	1.000000	0.900000	0.900000	0.054829	0.054829
20	33	36	6	32	36	1	1.000000	0.900000	0.900000	0.056183	0.056183
22	33	34	7	32	35	1	0.000000	0.900000	0.100000	0.051795	0.051795
23	31	36	1	32	37	1	1.000000	0.900000	0.900000	0.051401	0.051401
24	33	37	6	32	37	1	1.000000	0.900000	0.900000	0.050700	0.050700
24	35	34	2	36	34	1	1.000000	0.900000	0.900000	0.050580	0.050580
25	35	35	3	36	34	1	0.000000	0.900000	0.100000	0.056330	0.056330
26	31	35	3	32	34	1	1.000000	0.900000	0.900000	0.051493	0.051493
26	31	37	6	30	37	1	1.000000	0.900000	0.900000	0.053995	0.053995
26	35	33	1	36	34	1	1.000000	0.900000	0.900000	0.051777	0.051777
28	30	36	0	30	37	1	1.000000	0.900000	0.900000	0.051475	0.051475
28	39	36	4	39	35	1	0.000000	0.900000	0.100000	0.050664	0.050664
29	31	38	5	30	37	1	1.000000	0.900000	0.900000	0.050427	0.050427
30	32	38	4	32	37	1	0.000000	0.900000	0.100000	0.054856	0.054856
30	34	33	3	35	32	1	1.000000	0.900000	0.900000	0.051159	0.051159
31	31	34	2	32	34	1	1.000000	0.900000	0.900000	0.052728	0.052728
