Training with matplotlib graphs
Cleared 5 quantum checkpoint file(s)
Gen     0 | fitness: 0.2448 | entanglement: 0.0747 | PR: 2.24 | structure: 0.9631
Gen     1 | fitness: 0.2448 | entanglement: 0.0747 | PR: 2.24 | structure: 0.9631
Gen     2 | fitness: 0.2467 | entanglement: 0.0751 | PR: 2.18 | structure: 0.9622
Gen     3 | fitness: 0.2539 | entanglement: 0.0775 | PR: 2.27 | structure: 0.9645
Gen     4 | fitness: 0.2635 | entanglement: 0.0805 | PR: 2.38 | structure: 0.9610
Gen     5 | fitness: 0.2656 | entanglement: 0.0812 | PR: 2.34 | structure: 0.9629
Gen     6 | fitness: 0.2727 | entanglement: 0.0833 | PR: 2.31 | structure: 0.9671
Gen     7 | fitness: 0.2786 | entanglement: 0.0853 | PR: 2.41 | structure: 0.9617
Gen     8 | fitness: 0.2830 | entanglement: 0.0867 | PR: 2.50 | structure: 0.9599
Gen     9 | fitness: 0.2866 | entanglement: 0.0878 | PR: 2.49 | structure: 0.9604
Gen    10 | fitness: 0.3010 | entanglement: 0.0924 | PR: 2.57 | structure: 0.9627
Gen    11 | fitness: 0.3119 | entanglement: 0.0959 | PR: 2.64 | structure: 0.9622
Gen    12 | fitness: 0.3201 | entanglement: 0.0985 | PR: 2.68 | structure: 0.9602
Gen    13 | fitness: 0.3327 | entanglement: 0.1025 | PR: 2.82 | structure: 0.9607
Gen    14 | fitness: 0.3369 | entanglement: 0.1039 | PR: 2.91 | structure: 0.9630
Gen    15 | fitness: 0.3558 | entanglement: 0.1099 | PR: 3.02 | structure: 0.9620
Gen    16 | fitness: 0.3673 | entanglement: 0.1137 | PR: 3.07 | structure: 0.9627
Gen    17 | fitness: 0.3768 | entanglement: 0.1167 | PR: 3.14 | structure: 0.9627
Gen    18 | fitness: 0.3775 | entanglement: 0.1169 | PR: 3.16 | structure: 0.9617
Gen    19 | fitness: 0.3851 | entanglement: 0.1194 | PR: 3.24 | structure: 0.9655
Gen    20 | fitness: 0.4017 | entanglement: 0.1247 | PR: 3.32 | structure: 0.9660
Gen    21 | fitness: 0.4084 | entanglement: 0.1269 | PR: 3.43 | structure: 0.9676
Gen    22 | fitness: 0.4179 | entanglement: 0.1300 | PR: 3.52 | structure: 0.9683
Gen    23 | fitness: 0.4179 | entanglement: 0.1300 | PR: 3.52 | structure: 0.9683
Gen    24 | fitness: 0.4250 | entanglement: 0.1323 | PR: 3.64 | structure: 0.9697
Gen    25 | fitness: 0.4429 | entanglement: 0.1382 | PR: 3.78 | structure: 0.9697
Gen    26 | fitness: 0.4445 | entanglement: 0.1387 | PR: 3.86 | structure: 0.9698
Gen    27 | fitness: 0.4522 | entanglement: 0.1412 | PR: 3.67 | structure: 0.9650
Gen    28 | fitness: 0.4653 | entanglement: 0.1455 | PR: 3.80 | structure: 0.9669
Gen    29 | fitness: 0.4728 | entanglement: 0.1481 | PR: 3.98 | structure: 0.9665
Gen    30 | fitness: 0.4759 | entanglement: 0.1490 | PR: 3.89 | structure: 0.9729
Gen    31 | fitness: 0.4956 | entanglement: 0.1556 | PR: 4.27 | structure: 0.9679
Gen    32 | fitness: 0.5086 | entanglement: 0.1599 | PR: 4.39 | structure: 0.9686
Gen    33 | fitness: 0.5241 | entanglement: 0.1651 | PR: 4.49 | structure: 0.9697
Gen    34 | fitness: 0.5260 | entanglement: 0.1658 | PR: 4.55 | structure: 0.9681
Gen    35 | fitness: 0.5260 | entanglement: 0.1658 | PR: 4.55 | structure: 0.9681
Gen    36 | fitness: 0.5330 | entanglement: 0.1681 | PR: 4.56 | structure: 0.9818
Gen    37 | fitness: 0.5438 | entanglement: 0.1716 | PR: 4.57 | structure: 0.9756
Gen    38 | fitness: 0.5510 | entanglement: 0.1740 | PR: 4.69 | structure: 0.9755
Gen    39 | fitness: 0.5709 | entanglement: 0.1807 | PR: 4.83 | structure: 0.9718
Gen    40 | fitness: 0.5850 | entanglement: 0.1855 | PR: 4.97 | structure: 0.9717
Gen    41 | fitness: 0.6005 | entanglement: 0.1908 | PR: 5.09 | structure: 0.9711
Gen    42 | fitness: 0.6066 | entanglement: 0.1928 | PR: 5.11 | structure: 0.9695
Gen    43 | fitness: 0.6102 | entanglement: 0.1940 | PR: 5.19 | structure: 0.9664
Gen    44 | fitness: 0.6181 | entanglement: 0.1967 | PR: 5.22 | structure: 0.9686
Gen    45 | fitness: 0.6300 | entanglement: 0.2009 | PR: 5.42 | structure: 0.9677
Gen    46 | fitness: 0.6410 | entanglement: 0.2046 | PR: 5.81 | structure: 0.9745
Gen    47 | fitness: 0.6499 | entanglement: 0.2077 | PR: 5.86 | structure: 0.9739
Gen    48 | fitness: 0.6641 | entanglement: 0.2126 | PR: 6.08 | structure: 0.9724
Gen    49 | fitness: 0.6641 | entanglement: 0.2126 | PR: 6.08 | structure: 0.9724
Gen    50 | fitness: 0.6709 | entanglement: 0.2148 | PR: 6.59 | structure: 0.9728
Gen    51 | fitness: 0.6826 | entanglement: 0.2188 | PR: 6.64 | structure: 0.9729
Gen    52 | fitness: 0.6959 | entanglement: 0.2235 | PR: 6.81 | structure: 0.9725
Gen    53 | fitness: 0.7006 | entanglement: 0.2253 | PR: 6.59 | structure: 0.9703
Gen    54 | fitness: 0.7197 | entanglement: 0.2319 | PR: 7.00 | structure: 0.9700
Gen    55 | fitness: 0.7200 | entanglement: 0.2321 | PR: 7.05 | structure: 0.9692
Gen    56 | fitness: 0.7545 | entanglement: 0.2442 | PR: 7.56 | structure: 0.9700
Gen    57 | fitness: 0.7662 | entanglement: 0.2483 | PR: 7.82 | structure: 0.9678
Gen    58 | fitness: 0.7662 | entanglement: 0.2483 | PR: 7.82 | structure: 0.9678
Gen    59 | fitness: 0.7662 | entanglement: 0.2483 | PR: 7.82 | structure: 0.9678
Gen    60 | fitness: 0.7872 | entanglement: 0.2558 | PR: 8.12 | structure: 0.9693
Gen    61 | fitness: 0.7993 | entanglement: 0.2601 | PR: 8.44 | structure: 0.9716
Gen    62 | fitness: 0.7993 | entanglement: 0.2601 | PR: 8.44 | structure: 0.9716
Gen    63 | fitness: 0.8219 | entanglement: 0.2681 | PR: 8.90 | structure: 0.9723
Gen    64 | fitness: 0.8273 | entanglement: 0.2701 | PR: 9.12 | structure: 0.9723
Gen    65 | fitness: 0.8325 | entanglement: 0.2719 | PR: 9.12 | structure: 0.9739
Gen    66 | fitness: 0.8447 | entanglement: 0.2764 | PR: 8.97 | structure: 0.9678
Gen    67 | fitness: 0.8472 | entanglement: 0.2771 | PR: 9.69 | structure: 0.9736
Gen    68 | fitness: 0.8598 | entanglement: 0.2818 | PR: 9.33 | structure: 0.9682
Gen    69 | fitness: 0.8771 | entanglement: 0.2881 | PR: 9.69 | structure: 0.9668
Gen    70 | fitness: 0.8906 | entanglement: 0.2931 | PR: 9.77 | structure: 0.9655
Gen    71 | fitness: 0.9029 | entanglement: 0.2976 | PR: 10.08 | structure: 0.9640
Gen    72 | fitness: 0.9069 | entanglement: 0.2990 | PR: 10.24 | structure: 0.9614
Gen    73 | fitness: 0.9092 | entanglement: 0.2998 | PR: 10.25 | structure: 0.9694
Gen    74 | fitness: 0.9215 | entanglement: 0.3044 | PR: 10.36 | structure: 0.9704
Gen    75 | fitness: 0.9280 | entanglement: 0.3069 | PR: 11.49 | structure: 0.9701
Gen    76 | fitness: 0.9431 | entanglement: 0.3124 | PR: 11.60 | structure: 0.9696
Gen    77 | fitness: 0.9541 | entanglement: 0.3164 | PR: 11.84 | structure: 0.9695
Gen    78 | fitness: 0.9727 | entanglement: 0.3235 | PR: 12.22 | structure: 0.9712
Gen    79 | fitness: 0.9747 | entanglement: 0.3242 | PR: 12.76 | structure: 0.9699
Gen    80 | fitness: 0.9819 | entanglement: 0.3269 | PR: 13.49 | structure: 0.9690
Gen    81 | fitness: 0.9868 | entanglement: 0.3287 | PR: 12.52 | structure: 0.9687
Gen    82 | fitness: 1.0068 | entanglement: 0.3361 | PR: 12.03 | structure: 0.9664
Gen    83 | fitness: 1.0130 | entanglement: 0.3384 | PR: 14.54 | structure: 0.9713
Gen    84 | fitness: 1.0268 | entanglement: 0.3436 | PR: 15.08 | structure: 0.9701
Gen    85 | fitness: 1.0341 | entanglement: 0.3466 | PR: 15.46 | structure: 0.9677
Gen    86 | fitness: 1.0433 | entanglement: 0.3500 | PR: 15.84 | structure: 0.9678
Gen    87 | fitness: 1.0592 | entanglement: 0.3561 | PR: 16.62 | structure: 0.9676
Gen    88 | fitness: 1.0621 | entanglement: 0.3570 | PR: 13.55 | structure: 0.9700
Gen    89 | fitness: 1.0719 | entanglement: 0.3607 | PR: 13.90 | structure: 0.9690
Gen    90 | fitness: 1.0795 | entanglement: 0.3643 | PR: 16.44 | structure: 0.9724
Gen    91 | fitness: 1.0914 | entanglement: 0.3681 | PR: 15.74 | structure: 0.9720
Gen    92 | fitness: 1.0950 | entanglement: 0.3703 | PR: 16.92 | structure: 0.9720
Gen    93 | fitness: 1.1087 | entanglement: 0.3749 | PR: 16.55 | structure: 0.9674
Gen    94 | fitness: 1.1153 | entanglement: 0.3781 | PR: 17.40 | structure: 0.9700
Gen    95 | fitness: 1.1416 | entanglement: 0.3877 | PR: 16.67 | structure: 0.9679
Gen    96 | fitness: 1.1458 | entanglement: 0.3894 | PR: 17.13 | structure: 0.9701
Gen    97 | fitness: 1.1462 | entanglement: 0.3897 | PR: 16.43 | structure: 0.9702
Gen    98 | fitness: 1.1596 | entanglement: 0.3949 | PR: 16.92 | structure: 0.9682
Gen    99 | fitness: 1.1715 | entanglement: 0.3996 | PR: 18.05 | structure: 0.9708
Gen   100 | fitness: 1.1799 | entanglement: 0.4029 | PR: 19.01 | structure: 0.9712
Gen   101 | fitness: 1.1800 | entanglement: 0.4029 | PR: 17.63 | structure: 0.9678
Gen   102 | fitness: 1.2013 | entanglement: 0.4112 | PR: 19.90 | structure: 0.9730
Gen   103 | fitness: 1.2100 | entanglement: 0.4147 | PR: 20.00 | structure: 0.9734
Gen   104 | fitness: 1.2250 | entanglement: 0.4209 | PR: 17.66 | structure: 0.9679
Gen   105 | fitness: 1.2452 | entanglement: 0.4305 | PR: 22.87 | structure: 0.9764
Gen   106 | fitness: 1.2559 | entanglement: 0.4349 | PR: 23.60 | structure: 0.9762
Gen   107 | fitness: 1.2699 | entanglement: 0.4391 | PR: 18.55 | structure: 0.9670
Gen   108 | fitness: 1.2808 | entanglement: 0.4436 | PR: 18.41 | structure: 0.9658
Gen   109 | fitness: 1.2959 | entanglement: 0.4498 | PR: 19.45 | structure: 0.9665
Gen   110 | fitness: 1.3115 | entanglement: 0.4562 | PR: 19.92 | structure: 0.9679
Gen   111 | fitness: 1.3146 | entanglement: 0.4574 | PR: 20.18 | structure: 0.9671
Gen   112 | fitness: 1.3295 | entanglement: 0.4638 | PR: 20.60 | structure: 0.9683
Gen   113 | fitness: 1.3392 | entanglement: 0.4678 | PR: 20.62 | structure: 0.9679
Gen   114 | fitness: 1.3604 | entanglement: 0.4768 | PR: 21.44 | structure: 0.9689
Gen   115 | fitness: 1.3613 | entanglement: 0.4771 | PR: 21.54 | structure: 0.9686
Gen   116 | fitness: 1.3777 | entanglement: 0.4839 | PR: 23.33 | structure: 0.9673
Gen   117 | fitness: 1.3909 | entanglement: 0.4891 | PR: 23.34 | structure: 0.9675
Gen   118 | fitness: 1.4141 | entanglement: 0.4994 | PR: 24.02 | structure: 0.9689
Gen   119 | fitness: 1.4141 | entanglement: 0.4994 | PR: 24.02 | structure: 0.9689
Gen   120 | fitness: 1.4322 | entanglement: 0.5071 | PR: 24.39 | structure: 0.9668
Gen   121 | fitness: 1.4322 | entanglement: 0.5071 | PR: 24.39 | structure: 0.9668
Gen   122 | fitness: 1.4406 | entanglement: 0.5109 | PR: 23.97 | structure: 0.9700
Gen   123 | fitness: 1.4520 | entanglement: 0.5149 | PR: 31.71 | structure: 0.9744
Gen   124 | fitness: 1.4644 | entanglement: 0.5204 | PR: 31.63 | structure: 0.9749
Gen   125 | fitness: 1.4841 | entanglement: 0.5290 | PR: 32.32 | structure: 0.9764
Gen   126 | fitness: 1.4841 | entanglement: 0.5290 | PR: 32.32 | structure: 0.9764
Gen   127 | fitness: 1.4947 | entanglement: 0.5337 | PR: 32.83 | structure: 0.9739
Gen   128 | fitness: 1.4995 | entanglement: 0.5358 | PR: 33.61 | structure: 0.9771
Gen   129 | fitness: 1.5128 | entanglement: 0.5417 | PR: 34.11 | structure: 0.9749
Gen   130 | fitness: 1.5290 | entanglement: 0.5490 | PR: 34.66 | structure: 0.9741
Gen   131 | fitness: 1.5444 | entanglement: 0.5561 | PR: 34.40 | structure: 0.9739
Gen   132 | fitness: 1.5444 | entanglement: 0.5561 | PR: 34.40 | structure: 0.9739
Gen   133 | fitness: 1.5602 | entanglement: 0.5631 | PR: 36.87 | structure: 0.9734
Gen   134 | fitness: 1.5672 | entanglement: 0.5662 | PR: 37.00 | structure: 0.9727
Gen   135 | fitness: 1.5737 | entanglement: 0.5693 | PR: 35.68 | structure: 0.9732
Gen   136 | fitness: 1.5743 | entanglement: 0.5693 | PR: 36.96 | structure: 0.9778
Gen   137 | fitness: 1.5969 | entanglement: 0.5794 | PR: 30.59 | structure: 0.9648
Gen   138 | fitness: 1.6085 | entanglement: 0.5853 | PR: 37.52 | structure: 0.9725
Gen   139 | fitness: 1.6226 | entanglement: 0.5916 | PR: 35.45 | structure: 0.9701
Gen   140 | fitness: 1.6226 | entanglement: 0.5916 | PR: 35.45 | structure: 0.9701
Gen   141 | fitness: 1.6295 | entanglement: 0.5950 | PR: 35.74 | structure: 0.9707
Gen   142 | fitness: 1.6389 | entanglement: 0.5995 | PR: 36.07 | structure: 0.9711
Gen   143 | fitness: 1.6513 | entanglement: 0.6051 | PR: 36.20 | structure: 0.9691
Gen   144 | fitness: 1.6513 | entanglement: 0.6051 | PR: 36.20 | structure: 0.9691
Gen   145 | fitness: 1.6544 | entanglement: 0.6063 | PR: 44.58 | structure: 0.9759
Gen   146 | fitness: 1.6822 | entanglement: 0.6200 | PR: 36.60 | structure: 0.9694
Gen   147 | fitness: 1.6825 | entanglement: 0.6201 | PR: 37.09 | structure: 0.9677
Gen   148 | fitness: 1.6941 | entanglement: 0.6249 | PR: 41.68 | structure: 0.9673
Gen   149 | fitness: 1.6994 | entanglement: 0.6280 | PR: 39.00 | structure: 0.9673
Gen   150 | fitness: 1.7190 | entanglement: 0.6367 | PR: 41.62 | structure: 0.9676
Gen   151 | fitness: 1.7243 | entanglement: 0.6400 | PR: 37.51 | structure: 0.9700
Gen   152 | fitness: 1.7258 | entanglement: 0.6407 | PR: 37.45 | structure: 0.9709
Gen   153 | fitness: 1.7326 | entanglement: 0.6437 | PR: 42.19 | structure: 0.9663
Gen   154 | fitness: 1.7436 | entanglement: 0.6486 | PR: 42.77 | structure: 0.9722
Gen   155 | fitness: 1.7448 | entanglement: 0.6496 | PR: 45.23 | structure: 0.9641
